"cx-rfile"
"Iteration" "cx"
("Iteration" "cx")
1 0.5201283325713145
2 0.4315385152074389
3 0.408100003897266
4 0.3760542861664368
5 0.3458836576681734
6 0.3197380297776131
7 0.2963744334070068
8 0.2752275680803284
9 0.2546606026388406
10 0.2358552969489698
11 0.219255601310361
12 0.2054760430886551
13 0.1957827010382008
14 0.1921229277293555
15 0.1963275197693253
16 0.2110598997120099
17 0.2386429811829212
18 0.2815058567309726
19 0.3445182454983013
20 0.4307995392405605
21 0.5438603818047372
22 0.6841956241510544
23 0.8490118565347887
24 1.032273788788907
25 1.225177813974455
26 1.417446242592911
27 1.598581020479891
28 1.759862672177281
29 1.893659446965755
30 1.994209393720611
31 2.058421431955747
32 2.083147950753325
33 2.064565700555513
34 2.001015251745762
35 1.889555382116575
36 1.72845328767589
37 1.517377362863986
38 1.265376016872991
39 0.9818196723636579
40 0.6810520628931303
41 0.377419577768036
42 0.08182302321185356
43 -0.1993450909887344
44 -0.4583119649287805
45 -0.6908981568387494
46 -0.8944248095172589
47 -1.065911282654297
48 -1.202353690207939
49 -1.298761711235185
50 -1.358293013398579
51 -1.385569312418257
52 -1.385789030736087
53 -1.36436006657838
54 -1.325042413985548
55 -1.272505799407023
56 -1.207629122354729
57 -1.13078290160068
58 -1.042880942326154
59 -0.9441005331037619
60 -0.8344618528322246
61 -0.7145674351408795
62 -0.5864129458361128
63 -0.4526198788216912
64 -0.3159018743401735
65 -0.1792682809125171
66 -0.04234395087682839
67 0.09480450867044483
68 0.2325985476070336
69 0.3717542018811097
70 0.5133721312216509
71 0.6593855853358449
72 0.8083986929678136
73 0.9577623402412239
74 1.104579666472692
75 1.245819099905853
76 1.379262262929158
77 1.502634721025062
78 1.614755150294788
79 1.714945586543124
80 1.802892987980613
81 1.878749504088981
82 1.943121024914936
83 1.996918586210171
84 2.040705828911282
85 2.075805606778702
86 2.102776199996165
87 2.12218327594595
88 2.135396496522348
89 2.143340675594957
90 2.147104165356529
91 2.147464168136801
92 2.144570434941742
93 2.137712272097959
94 2.126832789166123
95 2.112043840555291
96 2.092347590409707
97 2.067414161910106
98 2.036366692916783
99 1.998196884992731
100 1.952298567953526
101 1.898810542013527
102 1.838848265583027
103 1.774179297757315
104 1.707209600895863
105 1.640318181332158
106 1.575295359856373
107 1.513583677092625
108 1.456009829083021
109 1.402862442138169
110 1.354316032215178
111 1.310392101617022
112 1.27103818186744
113 1.236123111954452
114 1.204887436480992
115 1.176901354871976
116 1.151389115016717
117 1.127387341004706
118 1.104042529966734
119 1.081045642918617
120 1.057579311576293
121 1.033514286034769
122 1.008958746377115
123 0.9841577572792953
124 0.9594757111691563
125 0.9354230825417877
126 0.9124631331907791
127 0.8910424920414155
128 0.8715692181597108
129 0.8541713295527679
130 0.8391195185813749
131 0.8263991472507281
132 0.8160829172862706
133 0.8081756675960716
134 0.8025223673826497
135 0.7989974090150952
136 0.797356261044018
137 0.7974641213397332
138 0.7991513398077061
139 0.8021481744233239
140 0.8063256026765326
141 0.8115051762571454
142 0.8174842705592525
143 0.8241378382453554
144 0.8311949129290548
145 0.8385525966425209
146 0.8461003052449544
147 0.8535978115902021
148 0.8609764348982994
149 0.8681952593075647
150 0.8751779934098212
151 0.8819182280467263
152 0.8883540823021144
153 0.8944682057810358
154 0.9002706908626263
155 0.9057359617263998
156 0.9108164414276722
157 0.9155167289116645
158 0.9198723065277933
159 0.9237332004160923
160 0.9271844390027043
161 0.930127325544989
162 0.9325229160216603
163 0.9344312245062307
164 0.9358628823235817
165 0.9368578255571122
166 0.9375622837267277
167 0.9380061207908587
168 0.9381808034265865
169 0.9381489926302415
170 0.937954041929601
171 0.9376409821132299
172 0.9373275000216622
173 0.9370574852905876
174 0.9368684122598715
175 0.9367736106841698
176 0.9367922205321751
177 0.9369758913279524
178 0.9373444491374912
179 0.9379261507464534
180 0.9387466678450691
181 0.9398417909354237
182 0.9412240115563355
183 0.9428825905085721
184 0.9448032691178262
185 0.9469706831276614
186 0.9493841431332695
187 0.9520225269125605
188 0.9548670919712382
189 0.9578968846260868
190 0.9610986751485426
191 0.964437838353307
192 0.9678683147364171
193 0.9713498008310091
194 0.9748548240885174
195 0.9783636044733931
196 0.981855108315158
197 0.985291278486258
198 0.9886358762137308
199 0.99187574358154
200 0.994992594042287
201 0.9979578422352446
202 1.000745057822071
203 1.003329225185005
204 1.005689231009314
205 1.007807892029236
206 1.009670789827051
207 1.011270954662721
208 1.012610320212988
209 1.01370265355923
210 1.014556184666288
211 1.015202385585826
212 1.015642309126443
213 1.015912823950016
214 1.01602517759781
215 1.015973673185826
216 1.015775850571161
217 1.01543737521149
218 1.014980803685025
219 1.014367952669792
220 1.013619831536468
221 1.012745553828722
222 1.011725373992961
223 1.010570417988134
224 1.009305095996388
225 1.007946264933138
226 1.006518099858601
227 1.005031752620366
228 1.003526070737805
229 1.002034623798326
230 1.000589629086291
231 0.9992047473326549
232 0.9979010135622944
233 0.9966874042609312
234 0.9955373826434464
235 0.9945059487933448
236 0.9936203966845801
237 0.9929212277423863
238 0.9924289816387795
239 0.9921473634115874
240 0.9920778150440315
241 0.9922144817342429
242 0.9925589877250223
243 0.9930932904859263
244 0.9938160720194064
245 0.9947085100115796
246 0.995760383337793
247 0.9969594384146412
248 0.9982949723547038
249 0.9997484938766024
250 1.001308324301354
251 1.002950799017268
252 1.004669765439568
253 1.006446120333795
254 1.008268811033489
255 1.01011012690454
256 1.011966493447622
257 1.013819922884666
258 1.015662112227731
259 1.017481666589835
260 1.019271776274735
261 1.021040390598149
262 1.022781134431818
263 1.024494890457484
264 1.026183570020597
265 1.02784868782035
266 1.029490681922259
267 1.031105359604295
268 1.03269999464153
269 1.034268532752943
270 1.03580714933279
271 1.037324724182032
272 1.038814499390253
273 1.040264474276881
274 1.041688026394106
275 1.043081719146765
276 1.044439110468795
277 1.045764578479705
278 1.047055022722783
279 1.04831347279424
280 1.049541445120625
281 1.050743261442584
282 1.05191414651925
283 1.053068883738802
284 1.054201592424498
285 1.055328676956899
286 1.056448220179766
287 1.057551478606703
288 1.058645758597445
289 1.059729573451558
290 1.060821651608072
291 1.061914399733819
292 1.063004619049108
293 1.064095208906743
294 1.065197536392958
295 1.066314595871435
296 1.067439846014385
297 1.068575347032107
298 1.069718892108733
299 1.07085865052354
300 1.071999317733753
301 1.073148640962958
302 1.074298006560703
303 1.07544549400541
304 1.0765739306199
305 1.07765795131567
306 1.07867406355751
307 1.079571899126615
308 1.080253845548212
309 1.080551899502422
310 1.080226287890861
311 1.078914513682318
312 1.076110279145072
313 1.071149463977896
314 1.063218224120419
315 1.051354956920531
316 1.034496818356998
317 1.011495163510664
318 0.9812268781514293
319 0.9427968037254726
320 0.8953492757152631
321 0.8384635485233727
322 0.7719468890041373
323 0.6959388750032224
324 0.6106638897189653
325 0.5174740702158502
326 0.4179098250761534
327 0.3137746628788226
328 0.20681332994635
329 0.09909759725807915
330 -0.007381100279581941
331 -0.1102195096193453
332 -0.2072315987987552
333 -0.2965984140726405
334 -0.3765250881525074
335 -0.445503949110247
336 -0.50253292238069
337 -0.5465504572115778
338 -0.5773443370742248
339 -0.5942328787370603
340 -0.5981550633133509
341 -0.5908906006919659
342 -0.5749256139347847
343 -0.5526381925482067
344 -0.5251343179239972
345 -0.4925858696083656
346 -0.4550509381447689
347 -0.4111191308687589
348 -0.3594352104782237
349 -0.2998820248642014
350 -0.2320220276096981
351 -0.1563771722557069
352 -0.07401981899236107
353 0.01394677762855365
354 0.1059207977645967
355 0.199741240815336
356 0.2933102425332687
357 0.3847150351158185
358 0.4722949426184211
359 0.554661180841994
360 0.6311771621794605
361 0.7011859945168345
362 0.7648952890416942
363 0.8223792162109356
364 0.8735865732446371
365 0.9178947484576994
366 0.9554664150331295
367 0.9857178500559126
368 0.8580743683968675
369 0.8474112507025696
370 0.7206762052837474
371 0.09331715694789856
372 -2.284945191737991
373 -8.832419513323483
374 -20.69707378964803
375 -28.56202961791448
376 -30.07535014652719
377 -30.64032006353564
378 -31.49314833226813
379 -31.51078172643461
380 -31.55307193509996
381 -31.61474092012018
382 -31.69524764289088
383 -31.79598907403874
384 -31.92348953620813
385 -32.08993243137229
386 -32.32045600972435
387 -32.66577141830295
388 -33.20256337374731
389 -34.03819208969519
390 -35.27314644479316
391 -35.33673158726256
392 -35.41253117932845
393 -35.50770364996426
394 -35.62408590474666
395 -35.77695532094052
396 -35.98345903669763
397 -36.27818207324583
398 -36.67569276906058
399 -37.26011852195593
400 -37.29213687884046
401 -37.32759183183101
402 -37.37249176943513
403 -37.41744935223375
404 -37.46840049784394
405 -37.52670380950261
406 -37.60008701799842
407 -37.69230959162614
408 -37.80653373379599
409 -37.97586471239094
410 -38.21419791653987
411 -38.23735984929311
412 -38.2610560967357
413 -38.2908189621755
414 -38.32696112760364
415 -38.37260074136059
416 -38.3774914766898
417 -38.38183324076382
418 -38.38722993946081
419 -38.39264931425392
420 -38.39940106289033
421 -38.40783260286224
422 -38.41873475470486
423 -38.43251209456108
424 -38.44997317822224
425 -38.47222344001985
426 -38.5014087503564
427 -38.54025718444142
428 -38.59562374765967
429 -38.66636980767056
430 -38.74840475812519
431 -38.85565616314097
432 -38.87361940334977
433 -38.88603413082165
434 -38.90131036209325
435 -38.91844923774438
436 -38.93977587414186
437 -38.96610834338525
438 -38.99650562601664
439 -39.03575790434095
440 -39.08364604595869
441 -39.15182094712372
442 -39.15946716789346
443 -39.16763516193848
444 -39.1781732017787
445 -39.18981961351871
446 -39.20329236678412
447 -39.22086582770545
448 -39.24429903648517
449 -39.2750136093794
450 -39.31396933113538
451 -39.36282228290333
452 -39.42567627070066
453 -39.5039638486786
454 -39.61384068249862
455 -39.72602533745017
456 -39.86788095597066
457 -39.88532540035958
458 -39.9025597403997
459 -39.92290750259401
460 -39.94907356412315
461 -39.98418916306281
462 -40.02904567314567
463 -40.0864921890583
464 -40.15856585466415
465 -40.25310576416096
466 -40.3739446996608
467 -40.52833834487365
468 -40.55086080252577
469 -40.56783847453884
470 -40.58955327028843
471 -40.61713163139738
472 -40.65175502794323
473 -40.69483709547218
474 -40.74947675696335
475 -40.81849049944022
476 -40.90459190882926
477 -41.01723785449901
478 -41.03520508454592
479 -41.04878501113767
480 -41.06527775163898
481 -41.08555792797269
482 -41.08901556375569
483 -41.09172271745449
484 -41.09502942275224
485 -41.09836878484089
486 -41.10243342840467
487 -41.10467471808108
488 -41.11075264981366
489 -41.11826675434029
490 -41.12764247048899
491 -41.1392963630615
492 -41.15377717862381
493 -41.17217405966823
494 -41.19549403066565
495 -41.22445886759684
496 -41.25979331786998
497 -41.30385714292778
498 -41.35817414137417
499 -41.4109475654499
500 -41.47357123653429
501 -41.55198903056735
502 -41.64642341870415
503 -41.76364683433997
504 -41.93820957248735
505 -41.96113061015707
506 -41.97733384639364
507 -41.99663253961878
508 -42.02089766747995
509 -42.0512684475913
510 -42.08957920640059
511 -42.13911507470845
512 -42.20386942074457
513 -42.21176079769805
514 -42.21846201501891
515 -42.22668091563359
516 -42.23695374639294
517 -42.24973637111405
518 -42.26588024347263
519 -42.2814409553086
520 -42.3012813845469
521 -42.32642206383272
522 -42.35590760947178
523 -42.39286462651818
524 -42.44050621252692
525 -42.50264609579214
526 -42.59147051292992
527 -42.60229722714104
528 -42.61023874878749
529 -42.62011587973965
530 -42.63214460376086
531 -42.64722020870211
532 -42.6677809936368
533 -42.69711814040209
534 -42.70129245976873
535 -42.70490115128344
536 -42.70944777163012
537 -42.71397280712196
538 -42.71961851457549
539 -42.72684513736566
540 -42.73585975714347
541 -42.74730848084054
542 -42.76157776210676
543 -42.78068854354077
544 -42.80482073686363
545 -42.83578844962582
546 -42.8776887777807
547 -42.93734179951588
548 -43.01960454356468
549 -43.13396704404895
550 -43.2912269340252
551 -43.31096912840323
552 -43.32608070417464
553 -43.34474851160707
554 -43.3684456852145
555 -43.39851636033756
556 -43.43765824806599
557 -43.4896680667748
558 -43.5574153704755
559 -43.64386119643378
560 -43.75292393046132
561 -43.89609709039529
562 -44.04718760121494
563 -44.25927256085357
564 -44.28769773020238
565 -44.30825908106542
566 -44.33331882267176
567 -44.36475657004605
568 -44.40595864244152
569 -44.45923472311948
570 -44.53064115602517
571 -44.54354218541079
572 -44.55179767349414
573 -44.5620698390235
574 -44.57527791982663
575 -44.59210575756194
576 -44.61344068551298
577 -44.64086267321211
578 -44.67583627964547
579 -44.68144419311359
580 -44.68575265377216
581 -44.69120398645336
582 -44.69807396589041
583 -44.70672267890422
584 -44.71759718334164
585 -44.73122330875782
586 -44.74833376602642
587 -44.76594741663872
588 -44.78705106357864
589 -44.81372239940285
590 -44.81807165981638
591 -44.82142276579246
592 -44.82561769369405
593 -44.8308335745736
594 -44.83735524114137
595 -44.8454837355204
596 -44.85567192260686
597 -44.86837001160939
598 -44.88439756518461
599 -44.88669437817936
600 -44.88870803354565
601 -45.02970281603115
602 -45.04715550440303
603 -45.05968421467061
604 -45.07542620319238
605 -45.09505003694736
606 -45.11960832203049
607 -45.14993942073786
608 -45.18770146597458
609 -45.23541359505668
610 -45.29576210088275
611 -45.37531221213084
612 -45.47053845148804
613 -45.48527941817314
614 -45.49621728799104
615 -45.50985534634029
616 -45.52699633662355
617 -45.54813396361722
618 -45.57427622185971
619 -45.606380771414
620 -45.64600664753713
621 -45.69545100942962
622 -45.70276116453698
623 -45.70851973605941
624 -45.71568734732816
625 -45.72475834207167
626 -45.73625726114079
627 -45.75069455454512
628 -45.77171298877043
629 -45.79419941393906
630 -45.82299840881775
631 -45.85913056837376
632 -45.86488358568696
633 -45.86925045642279
634 -45.87464966904816
635 -45.8813487533777
636 -45.88806685026044
637 -45.89632863738908
638 -45.90654331644919
639 -45.91911830216284
640 -45.93460092525818
641 -45.95378910973777
642 -45.97807103463897
643 -45.9822879545757
644 -45.98516135830816
645 -45.98859183585227
646 -45.99204421650784
647 -45.99634850719529
648 -46.00175555457718
649 -46.00877757138862
650 -46.01744763471724
651 -46.02822473372109
652 -46.04182443470707
653 -46.05861058217009
654 -46.0798653645265
655 -46.10782255956919
656 -46.11250133807097
657 -46.11581413218715
658 -46.12034260223407
659 -46.12558593828841
660 -46.13214253088579
661 -46.14024591810428
662 -46.15033480435237
663 -46.16290915387113
664 -46.17524643053143
665 -46.19012185661721
666 -46.20900382428621
667 -46.23204089249266
668 -46.25953880566932
669 -46.29423530753348
670 -46.33861900610642
671 -46.39368263172016
672 -46.46704481780247
673 -46.56557838880543
674 -46.57596877091208
675 -46.58613673430464
676 -46.599076099081
677 -46.61582936956174
678 -46.63735654891436
679 -46.66422212288447
680 -46.69617331892267
681 -46.73672536100796
682 -46.74402436974127
683 -46.74873909828833
684 -46.75454857901371
685 -46.76186583474722
686 -46.77109043547718
687 -46.782781861223
688 -46.7947873531725
689 -46.79705558625565
690 -46.79847857554581
691 -46.80024197519823
692 -46.80245539065611
693 -46.80520642515376
694 -46.80869743520191
695 -46.81309091736786
696 -46.81862451525926
697 -46.8252590505523
698 -46.83377609222291
699 -46.84415016196927
700 -46.85766231800533
701 -46.87548886190914
702 -46.89855236915646
703 -46.9279415659044
704 -46.96597152523614
705 -47.01561734580415
706 -47.07700805680277
707 -47.15495527015192
708 -47.16435084271185
709 -47.17290627174826
710 -47.18395059621422
711 -47.18544339399087
712 -47.18681360245138
713 -47.18857745213637
714 -47.19079846684409
715 -47.19348022727002
716 -47.19685376999694
717 -47.20109118833376
718 -47.20646570021258
719 -47.21320474973992
720 -47.22168301228717
721 -47.23237006545866
722 -47.24565991965945
723 -47.26230709089416
724 -47.28308965662324
725 -47.30848283151187
726 -47.34014372254768
727 -47.37903475843441
728 -47.38562585670577
729 -47.39026643422012
730 -47.39096320538157
731 -47.39149797145313
732 -47.39217454543573
733 -47.39286729493392
734 -47.39372953884005
735 -47.39481688519107
736 -47.39617307992263
737 -47.39786565961954
738 -47.39995100092115
739 -47.40259027483526
740 -47.40590029448551
741 -47.41001717644927
742 -47.41506238433911
743 -47.42125475626671
744 -47.42942450670932
745 -47.43965385243558
746 -47.4416308933184
747 -47.44287971448964
748 -47.44442200205073
749 -47.44634294974818
750 -47.44877020462925
751 -47.45123781179778
752 -47.45428281486143
753 -47.45804834539663
754 -47.46269175740674
755 -47.46355802357802
756 -47.46410600509451
757 -47.46479457362966
758 -47.46566533106608
759 -47.4667588352932
760 -47.46814777009102
761 -47.46989266842683
762 -47.47215467667817
763 -47.47484825222177
764 -47.47530848876798
765 -47.47560847300129
766 -47.47598857026923
767 -47.47647386077259
768 -47.47709227202959
769 -47.47772228001602
770 -47.478498521312
771 -47.47944675315806
772 -47.4805619876599
773 -47.48181927590593
774 -47.48359195212097
775 -47.48587808977152
776 -47.48873595005105
777 -47.49224439230743
778 -47.49656486910435
779 -47.50205832022801
780 -47.5089540310051
781 -47.51739700619594
782 -47.52809408487658
783 -47.54132512008407
784 -47.55739393261873
785 -47.57655232871512
786 -47.60017119685124
787 -47.62827662410874
788 -47.63246856877879
789 -47.63540739453494
790 -47.639270063758
791 -47.64434679461677
792 -47.65035010900519
793 -47.65772578698736
794 -47.66736171738436
795 -47.66847093080945
796 -47.66956924452995
797 -47.67093577016126
798 -47.67265131269679
799 -47.67472851777784
800 -47.67723330417104
801 -47.68033565614654
802 -47.68419739960947
803 -47.6894756624339
804 -47.69575208011769
805 -47.70332595007039
806 -47.70414287173648
807 -47.70498904967895
808 -47.70631518982021
809 -47.707639099979
810 -47.70930453337451
811 -47.71137357661375
812 -47.71399163240538
813 -47.71749777633951
814 -47.72216613701588
815 -47.72844765825109
816 -47.73642166795972
817 -47.74653968062363
818 -47.75755095021962
819 -47.77160039882856
820 -47.78771166569152
821 -47.78841165847834
822 -47.78977869604482
823 -47.79153825397574
824 -47.79156400866724
825 -47.79170311960812
826 -47.79187046138085
827 -47.79203123539076
828 -47.79223610885501
829 -47.79249238913726
830 -47.79281260730866
831 -47.79322003362458
832 -47.79376835785976
833 -47.79452317082183
834 -47.79552953824641
835 -47.79560459187682
836 -47.79570155335325
837 -47.79582619861331
838 -47.79598765422054
839 -47.7961957745697
840 -47.79646500103647
841 -47.79680725523296
842 -47.79725056947614
843 -47.79780792718601
844 -47.79850197717827
845 -47.799337075857
846 -47.80043161959758
847 -47.80194818722848
848 -47.80400607521245
849 -47.80623581694694
850 -47.80892433240617
851 -47.81250409903879
852 -47.81678191389169
853 -47.82195593905426
854 -47.82897740437365
855 -47.83922633072171
856 -47.85346909469124
857 -47.87155949823516
858 -47.87437958998315
859 -47.87657508739032
860 -47.87921232617109
861 -47.88224524447755
862 -47.88608425566518
863 -47.89125618787772
864 -47.89754551675038
865 -47.90535454109387
866 -47.90611791135244
867 -47.90690223501296
868 -47.90788568700656
869 -47.90915076618212
870 -47.91076902538359
871 -47.91282699732359
872 -47.91543786487127
873 -47.91845694232897
874 -47.9222606134583
875 -47.92693949687222
876 -47.93308235421264
877 -47.93409770481754
878 -47.9347749974483
879 -47.9356779434645
880 -47.93679423087372
881 -47.93787924045321
882 -47.9392317367106
883 -47.94097146758517
884 -47.94313189158312
885 -47.94573285132318
886 -47.94880938703697
887 -47.95247937640914
888 -47.95278930511636
889 -47.95313156515718
890 -47.95357744867009
891 -47.95415976357631
892 -47.95480373847204
893 -47.95553375345929
894 -47.9565438045913
895 -47.95805879543963
896 -47.96014217273521
897 -47.96275277638134
898 -47.96602575518281
899 -47.96637944805992
900 -47.96661156523476
901 -47.96945882938839
902 -47.9727543808923
903 -47.97705495952501
904 -47.98223634844275
905 -47.98238881284833
906 -47.98283640519659
907 -47.98342881275701
908 -47.98420030862973
909 -47.9851091318677
910 -47.98622049429106
911 -47.98771044392308
912 -47.98968647689104
913 -47.99232408792506
914 -47.99593858150391
915 -48.00100667424468
916 -48.00741615393103
917 -48.01577223098163
918 -48.01680120900743
919 -48.01744714509726
920 -48.01854803942976
921 -48.01988075516996
922 -48.02158183278654
923 -48.02370764424498
924 -48.02665229978945
925 -48.03044406157863
926 -48.03507758536627
927 -48.04095111937615
928 -48.04192450356512
929 -48.04243669002648
930 -48.04311958471762
931 -48.04399369434586
932 -48.04507048942071
933 -48.04646742346173
934 -48.04825307955496
935 -48.0502763589929
936 -48.0529381140178
937 -48.05645794040093
938 -48.06078021482716
939 -48.06724187499711
940 -48.07588164129744
941 -48.08683967357796
942 -48.10143830766032
943 -48.12101519975603
944 -48.1247276005226
945 -48.12683258095171
946 -48.12941734753304
947 -48.1327297813887
948 -48.13699564840604
949 -48.14303331320193
950 -48.15124023745297
951 -48.15272318090063
952 -48.15360042121609
953 -48.15469470200483
954 -48.15608483982304
955 -48.15788534548518
956 -48.16016930389071
957 -48.1633545413429
958 -48.16746448325861
959 -48.17274468028396
960 -48.17909134670224
961 -48.18696380477737
962 -48.19727692658795
963 -48.21055084394147
964 -48.22762574985799
965 -48.24897221078177
966 -48.27567121060558
967 -48.27900286205673
968 -48.28177405312969
969 -48.28541830133559
970 -48.290080126197
971 -48.29614391895737
972 -48.30474578718568
973 -48.31626803737529
974 -48.33104364632563
975 -48.33263627190195
976 -48.33419522608934
977 -48.33617541153832
978 -48.33871809559471
979 -48.34182947319636
980 -48.34586617454297
981 -48.35125853621778
982 -48.35813703933959
983 -48.36668030299917
984 -48.37743213026405
985 -48.38818900365753
986 -48.40232076396043
987 -48.42060928899909
988 -48.42291953284733
989 -48.42510564565872
990 -48.42787289049675
991 -48.43141332320192
992 -48.43595037293251
993 -48.44188474884285
994 -48.4493637811149
995 -48.45896100484183
996 -48.47135629117218
997 -48.48706079040663
998 -48.50777638320694
999 -48.53417357823486
1000 -48.53727768028838
1001 -48.54037003302459
1002 -48.54414894488451
1003 -48.54903940953542
1004 -48.55543354758851
1005 -48.56371135481334
1006 -48.57451540411286
1007 -48.58770941134797
1008 -48.60392121540757
1009 -48.6245116454343
1010 -48.62709575616048
1011 -48.62956018167182
1012 -48.63266557266405
1013 -48.63655421686966
1014 -48.64146941045608
1015 -48.64785562170047
1016 -48.65598658691637
1017 -48.66672257670554
1018 -48.66802846889578
1019 -48.66928666151993
1020 -48.67084524378318
1021 -48.67280898402377
1022 -48.67529637295743
1023 -48.67841893708815
1024 -48.68230060903306
1025 -48.68718195232407
1026 -48.69349720457917
1027 -48.70157148288547
1028 -48.71154663793199
1029 -48.72384945833937
1030 -48.73932929098473
1031 -48.74182357648606
1032 -48.74367485190616
1033 -48.74595361963616
1034 -48.74881231895845
1035 -48.75242629376818
1036 -48.75705852019576
1037 -48.76290065289421
1038 -48.77021679014245
1039 -48.77929276564456
1040 -48.79063240073411
1041 -48.80477666401643
1042 -48.80659141220653
1043 -48.80672679352408
1044 -48.80691220300275
1045 -48.80713400411554
1046 -48.80740852389775
1047 -48.80774979053416
1048 -48.80817524877779
1049 -48.8086017574911
1050 -48.80913125287146
1051 -48.80979156019477
1052 -48.81062058025483
1053 -48.81164985504652
1054 -48.81294186966755
1055 -48.81455801838415
1056 -48.8165849048899
1057 -48.81913873377411
1058 -48.82236353770963
1059 -48.82659666583467
1060 -48.83200712257354
1061 -48.8389415153932
1062 -48.84761197892727
1063 -48.85640746845372
1064 -48.86739684462945
1065 -48.88078891140357
1066 -48.89735151157466
1067 -48.91739833790943
1068 -48.94207868343837
1069 -48.94541748851222
1070 -48.94836935165088
1071 -48.952080989128
1072 -48.95681479226247
1073 -48.96261012830275
1074 -48.96982849424658
1075 -48.978833205915
1076 -48.99014413781316
1077 -49.00418138909298
1078 -49.01712096966764
1079 -49.0391727786337
1080 -49.06757128367322
1081 -49.10314780799573
1082 -49.10778682434346
1083 -49.11189130000184
1084 -49.11696290089122
1085 -49.12353016904978
1086 -49.13192150188957
1087 -49.1424080332969
1088 -49.15501744704235
1089 -49.17033949826351
1090 -49.18533856308709
1091 -49.20322161703989
1092 -49.22432818124728
1093 -49.22651900956766
1094 -49.22918303005433
1095 -49.23249179065995
1096 -49.23582380267104
1097 -49.24002533353333
1098 -49.24530221665
1099 -49.251868312632
1100 -49.26126971381931
1101 -49.27146760993376
1102 -49.28447876482048
1103 -49.30123885849942
1104 -49.32170224209012
1105 -49.34588101695855
1106 -49.37409029307509
1107 -49.37706786690104
1108 -49.38028410579915
1109 -49.38420633263191
1110 -49.38893819098567
1111 -49.39473008119258
1112 -49.40200211561628
1113 -49.41089820008019
1114 -49.41936024268342
1115 -49.42986580017686
1116 -49.44308374251438
1117 -49.45777399565245
1118 -49.4739187078616
1119 -49.47485935823239
1120 -49.47662672783271
1121 -49.47869569713756
1122 -49.48116421157254
1123 -49.48402721406217
1124 -49.47832707053573
1125 -49.47862772195099
1126 -49.47900596259853
1127 -49.47942201128143
1128 -49.47995107499327
1129 -49.48061614826598
1130 -49.4814464289438
1131 -49.48244791928538
1132 -49.48369863798825
1133 -49.48515471758921
1134 -49.48689380180678
1135 -49.48709261420644
1136 -49.48728890810352
1137 -49.48753486908616
1138 -49.48782910002436
1139 -49.48819265841551
1140 -49.488547221026
1141 -49.48898217013907
1142 -49.48954762510206
1143 -49.49028026576279
1144 -49.49113875423459
1145 -49.49219919042493
1146 -49.49336446468272
1147 -49.49431144935281
1148 -49.49518220337376
1149 -49.49615956021757
1150 -49.49736262314369
1151 -49.49854925395503
1152 -49.49931507505248
1153 -49.49896174165387
1154 -49.49919859261896
1155 -49.50148832626832
1156 -49.50105926012029
1157 -49.50053613510845
1158 -49.49998982416476
1159 -49.49939949117571
1160 -49.498739496067
1161 -49.49766400212351
1162 -49.49586238120859
1163 -49.49385023259388
1164 -49.49106633102895
1165 -49.48649269171836
1166 -49.48578069983952
1167 -49.48502282558977
1168 -49.48411435812388
1169 -49.48326327158291
1170 -49.48220979851613
1171 -49.48082472934822
1172 -49.47907562227259
1173 -49.47689170201958
1174 -49.47414461042212
1175 -49.47417570041119
1176 -49.47371539837975
1177 -49.47321288945699
1178 -49.47260105261686
1179 -49.47184468759385
1180 -49.47086720396545
1181 -49.47071064259682
1182 -49.47057091945873
1183 -49.47039598646325
1184 -49.47017593591052
1185 -49.46989124608371
1186 -49.46953577282832
1187 -49.46907914694331
1188 -49.46849492902638
1189 -49.46778275367998
1190 -49.4669008940092
1191 -49.4657470057961
1192 -49.46430423173052
1193 -49.46246134448236
1194 -49.46025112333818
1195 -49.45770549729656
1196 -49.45461291511923
1197 -49.45133841759672
1198 -49.44820636651851
1199 -49.44404998768465
1200 -49.43924869226974
1201 -49.43680768306578
1202 -49.43408048069627
1203 -49.43125755229225
1204 -49.42788007073494
1205 -49.42338863193311
1206 -49.41786213632142
1207 -49.41663225658927
1208 -49.41564644622031
1209 -49.41439081155898
1210 -49.41283667538843
1211 -49.41254930318446
1212 -49.41235126881945
1213 -49.41210945017014
1214 -49.41181237740311
1215 -49.41145016783795
1216 -49.41101375996357
1217 -49.41051627720243
1218 -49.40990085134967
1219 -49.40920044513756
1220 -49.40838876464434
1221 -49.40739188251475
1222 -49.40614736038551
1223 -49.40463630320683
1224 -49.40279666259445
1225 -49.40043246096565
1226 -49.3977126947282
1227 -49.39515055520806
1228 -49.39263426257242
1229 -49.39083518385922
1230 -49.38751789780288
1231 -49.38678914711245
1232 -49.38630793737445
1233 -49.38642062268284
1234 -49.3863472797122
1235 -49.38626634170117
1236 -49.38616856631485
1237 -49.38607881549773
1238 -49.38597123437567
1239 -49.38584259617962
1240 -49.38570828276293
1241 -49.38556780645938
1242 -49.38541556736349
1243 -49.38521113207141
1244 -49.38497186060371
1245 -49.38473565980997
1246 -49.38449287835881
1247 -49.38416011071558
1248 -49.38413055753377
1249 -49.38500399939513
1250 -49.3867564418416
1251 -49.38912275019143
1252 -49.39191249593097
1253 -49.3959292349406
1254 -49.39536940716868
1255 -49.39549013296092
1256 -49.395716338923
1257 -49.39604349404747
1258 -49.39674776770644
1259 -49.39794905962718
1260 -49.39975230020247
1261 -49.40279091772348
1262 -49.40680709521634
1263 -49.41298674565293
1264 -49.42169122761078
1265 -49.4335879656354
1266 -49.4482131087356
1267 -49.45034202915046
1268 -49.45203028381822
1269 -49.45423174324408
1270 -49.45720537085013
1271 -49.46108106242788
1272 -49.46592991844152
1273 -49.47232941657228
1274 -49.48084206268744
1275 -49.49222919054474
1276 -49.50755198646494
1277 -49.5275856579611
1278 -49.55466695419958
1279 -49.55730257756586
1280 -49.56026666337986
1281 -49.5640042339209
1282 -49.56874024087465
1283 -49.57410687183251
1284 -49.58089002922074
1285 -49.58141583440791
1286 -49.58212651807644
1287 -49.58303827121397
1288 -49.58395536271539
1289 -49.58512817913042
1290 -49.58661501343444
1291 -49.58853902648067
1292 -49.59098448905408
1293 -49.59405974926912
1294 -49.5978776995472
1295 -49.602732901872
1296 -49.6091150045505
1297 -49.61647822880649
1298 -49.62590667952907
1299 -49.63832746408784
1300 -49.65450181546125
1301 -49.67220270306878
1302 -49.69564606074309
1303 -49.69815882573506
1304 -49.70064737147894
1305 -49.70385374152515
1306 -49.70797703816403
1307 -49.71320863434968
1308 -49.71987374189679
1309 -49.72873514601919
1310 -49.74025741090537
1311 -49.75481900790701
1312 -49.75524594161163
1313 -49.7568574133733
1314 -49.75885722618993
1315 -49.7614458294883
1316 -49.76480480457646
1317 -49.76925219006023
1318 -49.77482515502699
1319 -49.78182416704724
1320 -49.79100881693133
1321 -49.80353042310796
1322 -49.82010865106422
1323 -49.84212477330516
1324 -49.86973126777186
1325 -49.90655137364588
1326 -49.91080512309392
1327 -49.914960452046
1328 -49.92022477142793
1329 -49.9267660613497
1330 -49.93489156818364
1331 -49.94541749344683
1332 -49.95876995643304
1333 -49.97535555699579
1334 -49.99517640481089
1335 -50.01898619636177
1336 -50.02147017963491
1337 -50.0241013251475
1338 -50.02763760025864
1339 -50.03214696637584
1340 -50.03780346670407
1341 -50.04479780439284
1342 -50.05353383699096
1343 -50.06440575802479
1344 -50.07758700037551
1345 -50.09307263165262
1346 -50.1107308423356
1347 -50.12537269231758
1348 -50.14370850672733
1349 -50.16403732659793
1350 -50.16521246613921
1351 -50.16666089646171
1352 -50.16854416946017
1353 -50.17080329021358
1354 -50.17355312407032
1355 -50.17722539351888
1356 -50.18199972241581
1357 -50.18825047743569
1358 -50.18842892947714
1359 -50.18901155286839
1360 -50.18970435308477
1361 -50.19058885528021
1362 -50.19175264749502
1363 -50.19312168905559
1364 -50.19489352271543
1365 -50.19654498470181
1366 -50.19858167695806
1367 -50.20065170976915
1368 -50.20305455018532
1369 -50.20589565240512
1370 -50.20879359544494
1371 -50.20917838242413
1372 -50.20921447614848
1373 -50.2092110539426
1374 -50.20906190601796
1375 -50.20880624523429
1376 -50.20852507249412
1377 -50.20816318866577
1378 -50.20752837715523
1379 -50.20695375848258
1380 -50.20643882886711
1381 -50.2060304170002
1382 -50.20879339815935
1383 -50.20879058285755
1384 -50.20851038070297
1385 -50.20815470638639
1386 -50.20777675407421
1387 -50.20742148503827
1388 -50.20711695896344
1389 -50.20698244741696
1390 -50.2073071475077
1391 -50.20728738063647
1392 -50.20725273135883
1393 -50.2072238817799
1394 -50.20720343088977
1395 -50.20717188522762
1396 -50.20715640628551
1397 -50.20716495240958
1398 -50.20712630436906
1399 -50.2071268894927
1400 -50.20750988564739
1401 -50.20829513422726
1402 -50.20938740217677
1403 -50.21102818099128
1404 -50.2136224178595
1405 -50.21746747186751
1406 -50.22270892889302
1407 -50.22398477030751
1408 -50.22435820574241
1409 -50.22489011251013
1410 -50.22569725200128
1411 -50.22681108299597
1412 -50.22832772651164
1413 -50.23069792949411
1414 -50.23411487267382
1415 -50.23780905722664
1416 -50.24335623307252
1417 -50.25084557866998
1418 -50.26366417550241
1419 -50.2806887460557
1420 -50.3083509709811
1421 -50.31182255060246
1422 -50.31448146627697
1423 -50.31486031779349
1424 -50.31515142819786
1425 -50.31554127002754
1426 -50.3160450681878
1427 -50.31667853413931
1428 -50.31748373122818
1429 -50.31850090279538
1430 -50.31979127780387
1431 -50.32143510775825
1432 -50.32351770311347
1433 -50.32622377047036
1434 -50.32976986124932
1435 -50.33445523234452
1436 -50.34055367758599
1437 -50.34886907374392
1438 -50.36019039486263
1439 -50.37191980619573
1440 -50.38720915579836
1441 -50.40823755185372
1442 -50.43721653955019
1443 -50.4784292881553
1444 -50.53192095923358
1445 -50.59957986679346
1446 -50.60655635264677
1447 -50.6121749360833
1448 -50.61927397734812
1449 -50.62650104325504
1450 -50.62757658337194
1451 -50.62846907825827
1452 -50.62957611160645
1453 -50.63095710077789
1454 -50.63267793330553
1455 -50.63484841445227
1456 -50.63756134441799
1457 -50.64092995637771
1458 -50.64505031759055
1459 -50.65059751942868
1460 -50.65764107891026
1461 -50.65867777113642
1462 -50.6595199770452
1463 -50.66056190952169
1464 -50.66185638874958
1465 -50.66348525747797
1466 -50.66553509086695
1467 -50.66811866922819
1468 -50.67134990704721
1469 -50.67538449469162
1470 -50.67956701966968
1471 -50.6847846406399
1472 -50.69130900818044
1473 -50.69225523779397
1474 -50.69307183770177
1475 -50.69409321216575
1476 -50.69537563882383
1477 -50.69698329847469
1478 -50.69899156111512
1479 -50.7015108869875
1480 -50.70466253970776
1481 -50.70863747249505
1482 -50.71369601236901
1483 -50.72000352967624
1484 -50.72792639521123
1485 -50.73794552461346
1486 -50.73934547532276
1487 -50.74059182388253
1488 -50.74215215994086
1489 -50.74413883342839
1490 -50.74662993382339
1491 -50.74975518375788
1492 -50.75368564434436
1493 -50.75859269971352
1494 -50.75927771497617
1495 -50.75987806043331
1496 -50.76062918392102
1497 -50.76156728691378
1498 -50.76273783916469
1499 -50.76420214146864
1500 -50.76603772541621
1501 -50.77780372702428
1502 -50.77912724752769
1503 -50.78032927705197
1504 -50.78184516517695
1505 -50.78371885628393
1506 -50.78606957014088
1507 -50.78902388732462
1508 -50.79275201191902
1509 -50.79743980790132
1510 -50.80332766094116
1511 -50.8107992813596
1512 -50.82026823830292
1513 -50.83230447087154
1514 -50.84732401893067
1515 -50.86590765210254
1516 -50.88902320623513
1517 -50.91764778223107
1518 -50.95339511653548
1519 -50.99697664740091
1520 -51.05106623954178
1521 -51.12026056581293
1522 -51.13082732197468
1523 -51.13834367741947
1524 -51.14782801966821
1525 -51.15926422986667
1526 -51.17347443283048
1527 -51.19136085087927
1528 -51.21464426026503
1529 -51.2440482849258
1530 -51.28018590793855
1531 -51.32515522019924
1532 -51.38110567067478
1533 -51.38776763771451
1534 -51.39388243663847
1535 -51.40156104614262
1536 -51.41043449004619
1537 -51.42147559001185
1538 -51.43236617032844
1539 -51.44638816482699
1540 -51.46380703563606
1541 -51.48605810260948
1542 -51.51459692265615
1543 -51.54131401506014
1544 -51.57830391891064
1545 -51.62598613235608
1546 -51.6825704379976
1547 -51.75946508757783
1548 -51.8104783423064
1549 -51.81994776807555
1550 -51.8209077585214
1551 -51.82157476694812
1552 -51.82240852538289
1553 -51.82344451016701
1554 -51.82473212137734
1555 -51.8263129013217
1556 -51.82824202366923
1557 -51.8307366696412
1558 -51.83397343916876
1559 -51.83792379350844
1560 -51.84278345111786
1561 -51.84866305208388
1562 -51.85609915667936
1563 -51.86496536962483
1564 -51.87543105295085
1565 -51.89171873659807
1566 -51.91303809124986
1567 -51.91566280376481
1568 -51.91778688846721
1569 -51.92034271014305
1570 -51.92342434565559
1571 -51.92689042110064
1572 -51.93102500018041
1573 -51.93582850458287
1574 -51.93624756685016
1575 -51.93673258956832
1576 -51.93733959990823
1577 -51.93809753777035
1578 -51.93902787818757
1579 -51.94018865161646
1580 -51.94162499589748
1581 -51.94332026085215
1582 -51.94545932076456
1583 -51.94821206212864
1584 -51.95216522768677
1585 -51.95678707488904
1586 -51.96095694732371
1587 -51.96136398628037
1588 -51.96127638773967
1589 -51.96181512225358
1590 -51.96247132757032
1591 -51.96325019919007
1592 -51.96425155610824
1593 -51.96564873914581
1594 -51.96717628221401
1595 -51.96857101063518
1596 -51.96983108227167
1597 -51.9699606281198
1598 -51.97014114496017
1599 -51.97035916736901
1600 -51.97063831936736
1601 -51.97096372679062
1602 -51.97132396596876
1603 -51.97166346629992
1604 -51.97196080071912
1605 -51.97195740653537
1606 -51.97197553012807
1607 -51.97199351257761
1608 -51.97200686874606
1609 -51.972011137677
1610 -51.97200075319624
1611 -51.97195807452373
1612 -51.97187804165588
1613 -51.97165014356043
1614 -51.97130299570713
1615 -51.97090616391964
1616 -51.97030942548918
1617 -51.96935623798903
1618 -51.96801115758711
1619 -51.96601969818917
1620 -51.96266111903159
1621 -51.95789229138067
1622 -51.94937895977872
1623 -51.94750636882208
1624 -51.94615832105268
1625 -51.94444848090439
1626 -51.94217387893388
1627 -51.93923617285321
1628 -51.93543295288183
1629 -51.93025346848637
1630 -51.92316742258577
1631 -51.92196110269946
1632 -51.92100884266237
1633 -51.91980158989833
1634 -51.91950790830295
1635 -51.91934371340457
1636 -51.91914055654498
1637 -51.91888594053654
1638 -51.9185733277241
1639 -51.91818999011937
1640 -51.91771181961909
1641 -51.91711325341119
1642 -51.91635827054595
1643 -51.91541446669548
1644 -51.91423884463641
1645 -51.91275855471049
1646 -51.91089554352946
1647 -51.90854806960175
1648 -51.90610223253086
1649 -51.90302298165503
1650 -51.89910917947081
1651 -51.89425969400778
1652 -51.89357810146297
1653 -51.89305205355227
1654 -51.89227461671963
1655 -51.89130111434871
1656 -51.8900936095168
1657 -51.88858347459593
1658 -51.88664083282485
1659 -51.88416606807133
1660 -51.88100899114375
1661 -51.87701059678286
1662 -51.87198678323997
1663 -51.86573061246592
1664 -51.85959268690306
1665 -51.85166839856969
1666 -51.84121691169528
1667 -51.83978615967547
1668 -51.83846648931137
1669 -51.83680938957961
1670 -51.83471614685092
1671 -51.83207183805997
1672 -51.82878247279912
1673 -51.82459189067642
1674 -51.81915458915135
1675 -51.81227624667797
1676 -51.80348591429281
1677 -51.79205593998959
1678 -51.77724878938168
1679 -51.75687317572305
1680 -51.72911996975007
1681 -51.69062614622275
1682 -51.68392603753711
1683 -51.67873643025897
1684 -51.67218384626453
1685 -51.66387519033228
1686 -51.65332757029506
1687 -51.64247990318857
1688 -51.62864592801178
1689 -51.61089713211226
1690 -51.58800023720755
1691 -51.55826338554125
1692 -51.52623138031699
1693 -51.48387002561379
1694 -51.42819393741501
1695 -51.41883881037099
1696 -51.41179616217589
1697 -51.40304102084008
1698 -51.39413778573822
1699 -51.3830030096658
1700 -51.36903796180484
1701 -51.35120005541162
1702 -51.32842347606104
1703 -51.29941262392441
1704 -51.26243612606709
1705 -51.2151291756561
1706 -51.1539070869286
1707 -51.14344163101921
1708 -51.13568153520139
1709 -51.12587494830025
1710 -51.11379243476756
1711 -51.09854316680798
1712 -51.07934863172443
1713 -51.0551291124651
1714 -51.0511879696354
1715 -51.04808926270353
1716 -51.04423895571815
1717 -51.03942672342436
1718 -51.03455804008731
1719 -51.02851485072279
1720 -51.02095560999887
1721 -51.0114414148884
1722 -50.99959409953502
1723 -50.98474843724591
1724 -50.96602606999991
1725 -50.94228666764266
1726 -50.93813165403778
1727 -50.93508231570572
1728 -50.93130615264156
1729 -50.92659048942392
1730 -50.92071917306286
1731 -50.91338813047818
1732 -50.90418568539499
1733 -50.89263125278077
1734 -50.8781107084986
1735 -50.85978670815275
1736 -50.8365208805367
1737 -50.80700873834429
1738 -50.7699426074959
1739 -50.72441267498318
1740 -50.67209295732265
1741 -50.61216166343221
1742 -50.53639622088691
1743 -50.52392884070866
1744 -50.5144620276234
1745 -50.50266206651669
1746 -50.48785608920421
1747 -50.46951512717211
1748 -50.44671025879637
1749 -50.42370675360895
1750 -50.39517940689527
1751 -50.35998846680889
1752 -50.31629152181794
1753 -50.26088305911695
1754 -50.18985490619468
1755 -50.09916773920599
1756 -49.982514753583
1757 -49.96104515973366
1758 -49.94453186569632
1759 -49.92398163180231
1760 -49.89828994524435
1761 -49.86645279613239
1762 -49.82660774918459
1763 -49.77697871924757
1764 -49.71425542355818
1765 -49.63544138898587
1766 -49.53597551203789
1767 -49.40975659773422
1768 -49.28013815015658
1769 -49.11631886827816
1770 -49.08940203270263
1771 -49.0691918771323
1772 -49.04418158829088
1773 -49.01241844308514
1774 -48.97261214314276
1775 -48.92246948889103
1776 -48.85911257472257
1777 -48.77915220411544
1778 -48.67768085989212
1779 -48.55133201622986
1780 -48.53028176011522
1781 -48.5145032209899
1782 -48.49456968368076
1783 -48.4695288092531
1784 -48.43804547575819
1785 -48.39928610235781
1786 -48.35099672511701
1787 -48.29038275277006
1788 -48.21420647528379
1789 -48.20174086864446
1790 -48.19210761893507
1791 -48.18017439605308
1792 -48.1652295542116
1793 -48.14653577874383
1794 -48.12313568649562
1795 -48.09362850720434
1796 -48.0564024831127
1797 -48.00943901237841
1798 -47.94992204404366
1799 -47.88826211410136
1800 -47.81156599883784
1801 -47.80376914279936
1802 -47.7989798935915
1803 -47.79295418138888
1804 -47.78544213918835
1805 -47.77606699357442
1806 -47.76437432236138
1807 -47.74973942944805
1808 -47.73146382243831
1809 -47.70860803051504
1810 -47.68004132465293
1811 -47.64409739776051
1812 -47.59895957628886
1813 -47.54274427999041
1814 -47.47241160736966
1815 -47.38496070808944
1816 -47.27540532438336
1817 -47.25799324304926
1818 -47.2445468847927
1819 -47.22777679693068
1820 -47.20640698009773
1821 -47.17947819638957
1822 -47.1457070944429
1823 -47.10339159993611
1824 -47.05037458560319
1825 -46.98353851032482
1826 -46.97294969316764
1827 -46.96457968636794
1828 -46.95418915584255
1829 -46.94115013443845
1830 -46.92491031206546
1831 -46.90455365724456
1832 -46.87899039105033
1833 -46.84700580461356
1834 -46.80704071134288
1835 -46.75730438575261
1836 -46.69519865074345
1837 -46.63263106228568
1838 -46.55431976293205
1839 -46.4555900331415
1840 -46.33214166103718
1841 -46.17609211866394
1842 -46.01597389543972
1843 -45.81312778775722
1844 -45.54680327990729
1845 -45.17953524469108
1846 -58.84176898514701
1847 -58.69715022079486
1848 -58.55026294231194
1849 -58.42208179112343
1850 -58.19136990318844
1851 -57.76134861328379
1852 -57.93521735710755
1853 -58.20346912024947
1854 -58.50222501145753
1855 -58.88510021653735
1856 -59.36793917067057
1857 -60.10374139948502
1858 -60.88894161931246
1859 -61.7380164184886
1860 -62.66769979534989
1861 -63.72271809897578
1862 -64.14600475725379
1863 -64.53624261780693
1864 -64.89834286146159
1865 -65.28873619224146
1866 -65.70462274575125
1867 -66.13839020798632
1868 -66.61368839999936
1869 -67.13256088089155
1870 -67.71356674433876
1871 -68.37637704295858
1872 -69.17190551481411
1873 -70.12696125512799
1874 -71.38553464969887
1875 -71.62674227398759
1876 -71.86131785664249
1877 -72.12420176401218
1878 -72.20656095373938
1879 -72.283618037352
1880 -72.35789878021266
1881 -72.42704462197382
1882 -72.49542734102123
1883 -72.56497048322078
1884 -72.63501915030683
1885 -72.69538630842098
1886 -72.783520392905
1887 -72.8895475430669
1888 -72.98527986415715
1889 -73.08054697607454
1890 -73.17200098078762
1891 -73.37339613505641
1892 -73.73294542525953
1893 -74.16959333419921
1894 -74.67206535783507
1895 -75.26648418643047
1896 -75.35802772514486
1897 -75.4386517320996
1898 -75.51694746759955
1899 -75.59507504731044
1900 -75.67361446514104
1901 -75.75116622044924
1902 -75.89513639174946
1903 -76.16652918430721
1904 -76.51442647308775
1905 -76.94932684988198
1906 -77.24698468635988
1907 -78.95754087479982
1908 -79.71430324936466
1909 -80.54716943775996
1910 -81.74973043961117
1911 -81.87097130500634
1912 -81.99951889983262
1913 -82.18497196149771
1914 -82.44164743582981
1915 -82.78332349103859
1916 -83.22463748135723
1917 -83.22481761335933
1918 -83.22046705101651
1919 -83.22449451116391
1920 -83.20476418874867
1921 -83.18214942287858
1922 -83.16345944412444
1923 -83.14863118448881
1924 -83.13736196054572
1925 -83.12974631443274
1926 -83.12594623889233
1927 -83.1261590846599
1928 -83.1305875722976
1929 -83.13940674041945
1930 -83.15264840321753
1931 -83.17005969261884
1932 -83.19075789370061
1933 -83.2319284163716
1934 -83.28303268960465
1935 -83.36331654752675
1936 -83.45985285438728
1937 -83.58293732342692
1938 -84.00905573478384
1939 -84.06294045298287
1940 -84.10443804220171
1941 -84.14790016259815
1942 -84.19527001082503
1943 -84.25842387346903
1944 -84.33584658288027
1945 -84.43661905694984
1946 -84.55940839149306
1947 -84.6874342944117
1948 -84.88298744593833
1949 -85.26149870689542
1950 -85.74691215688581
1951 -86.3588114240091
1952 -87.13553071579349
1953 -88.36863467347162
1954 -89.71526099873876
1955 -89.80721798651926
1956 -89.89761879767701
1957 -90.00050829622167
1958 -90.10910916911982
1959 -90.30078186171325
1960 -90.6741234928805
1961 -91.14432582420152
1962 -91.74720687892859
1963 -92.51717187723064
1964 -93.30662352907902
1965 -94.32245630033582
1966 -95.66038151483393
1967 -95.74452003507935
1968 -95.83419606932135
1969 -95.94425023714128
1970 -96.07890880572658
1971 -96.23883594303427
1972 -96.65172905230764
1973 -97.19909615509357
1974 -97.90505543134039
1975 -98.79686357039444
1976 -98.84503682418848
1977 -98.89774287527952
1978 -98.96285259229555
1979 -99.03205732168063
1980 -99.1387062585469
1981 -99.26473048973331
1982 -99.39899906993612
1983 -99.5966993230297
1984 -100.0224007532987
1985 -100.5051452774136
1986 -101.0728218881612
1987 -102.0696928276661
1988 -103.4045542466882
1989 -103.6737918790708
1990 -103.7634243470741
1991 -103.8695033471238
1992 -103.9973600951032
1993 -104.1347399429185
1994 -104.2885723255779
1995 -104.6253296392252
1996 -105.1838134279828
1997 -105.9602524177078
1998 -106.9156016267744
1999 -108.1160829969708
2000 -108.333331851079
2001 -108.3954055989131
2002 -108.470125379904
2003 -108.5648822949421
2004 -108.6884112983796
2005 -108.8877085367146
2006 -109.1944516800427
2007 -109.8210295275316
2008 -110.595381003525
2009 -111.5539174889643
2010 -112.7631132768224
2011 -114.2860701633892
2012 -116.5402955021461
2013 -116.7326134761856
2014 -116.8637011187888
2015 -117.0115150429213
2016 -117.1837800784967
2017 -117.3935779823546
2018 -117.7491517117976
2019 -118.300073679
2020 -118.9789980862801
2021 -119.851380205662
2022 -120.8830598002362
2023 -121.2069282634253
2024 -118.6619046567733
2025 -112.2999898966365
2026 -112.5192629662961
2027 -112.7436311080243
2028 -112.9829143695116
2029 -113.2838018489665
2030 -113.7880737298808
2031 -113.9465242840794
2032 -114.0461055754562
2033 -114.150968843531
2034 -114.2800292387951
2035 -114.437957955212
2036 -114.629418437617
2037 -114.8544213717396
2038 -115.0860122843157
2039 -115.357070944218
2040 -115.6627806097672
2041 -116.003475851314
2042 -116.3366071849038
2043 -116.6337579809998
2044 -117.1524908091637
2045 -117.4610536668477
2046 -116.8659733368533
2047 -114.021375779678
2048 -107.7389750608326
2049 -100.9404444897914
2050 -95.70199768124856
2051 -96.02925015459535
2052 -96.55158946353291
2053 -97.10870483425116
2054 -97.71910093734306
2055 -98.51478943307819
2056 -99.15647166065799
2057 -99.40716154719874
2058 -98.32250586939156
2059 -97.85123336622573
2060 -96.88722543304674
2061 -95.12352254966373
2062 -92.16258032366348
2063 -87.28897994438297
2064 -76.84238987304856
2065 -78.16764760639199
2066 -80.64835724263769
2067 -83.22616269424886
2068 -85.40435729248718
2069 -86.60800646722048
2070 -87.63219566495623
2071 -85.34950146682854
2072 -84.33452420177844
2073 -85.48537811703267
2074 -86.71370996602975
2075 -88.19608875054097
2076 -89.9602643763067
2077 -92.01452201296485
2078 -94.30821864275467
2079 -96.79399284365853
2080 -99.46500377705489
2081 -101.4276499499177
2082 -101.41985810123
2083 -97.04153521812339
2084 -91.2077294771432
2085 -89.17153210184333
2086 -90.00790986617332
2087 -92.1556085356667
2088 -94.43750010078452
2089 -97.08391837553484
2090 -100.3131425474222
2091 -103.8936074192278
2092 -107.3719230868663
2093 -109.9815762888131
2094 -110.3474265440432
2095 -103.8278965533246
2096 -101.1833317034216
2097 -98.52375508678855
2098 -99.92056579681302
2099 -102.7496300218584
2100 -105.8077664018805
2101 -106.4045887730062
2102 -100.1655222936389
2103 -101.3477090977921
2104 -103.7783404181262
2105 -106.4351762258715
2106 -109.6039160804699
2107 -113.4713824153473
2108 -118.4860094470686
2109 -124.2310830234318
2110 -130.4867803205662
2111 -136.878300346828
2112 -143.1638722795297
2113 -140.1324699891391
2114 -141.1502622359236
2115 -143.0249367753177
2116 -145.6823400188437
2117 -148.7808206183622
2118 -152.5557767175917
2119 -157.5225022409317
2120 -163.6725975643648
2121 -171.1688214917608
2122 -180.4611811100965
2123 -192.7502436086914
2124 -199.8421505667173
2125 -201.9859371462259
2126 -204.2425238069443
2127 -206.5150595255483
2128 -209.3459833839193
2129 -212.8818386672455
2130 -217.379437403159
2131 -223.6560332568602
2132 -231.8814911667671
2133 -243.0871765537766
2134 -259.4550632444727
2135 -279.0572337974948
2136 -291.8147517686453
2137 -296.4824324108574
2138 -300.5898714852935
2139 -307.2973077695157
2140 -311.563486127775
2141 -314.997804702872
2142 -319.6684043860458
2143 -325.8968472896363
2144 -334.4826481362873
2145 -346.8530002764288
2146 -365.8203192325217
2147 -394.0506148380231
2148 -403.6203326004635
2149 -407.7302361775691
2150 -414.7363069423319
2151 -427.272092185691
2152 -451.7866776442738
2153 -458.4328799092377
2154 -463.0645814531793
2155 -470.079520067454
2156 -477.2353041675195
2157 -488.0399035790034
2158 -505.5245354842172
2159 -535.3141315727106
2160 -553.0717055510285
2161 -561.3045524520625
2162 -564.1395396425638
2163 -565.5352951537471
2164 -567.721211021909
2165 -569.5925734750085
2166 -572.5243793203758
2167 -577.0848108559927
2168 -583.8543056131724
2169 -594.1881718710954
2170 -610.947567904729
2171 -639.3753892160717
2172 -672.8689355723728
2173 -687.872422280652
2174 -695.4735729758206
2175 -698.9693326902258
2176 -700.7909850330475
2177 -703.9402735416782
2178 -708.3818366719296
2179 -714.9510806344512
2180 -724.9038441308707
2181 -740.5900023443495
2182 -766.4673651608248
2183 -791.9856755637479
2184 -803.2271923835557
2185 -810.3613704196392
2186 -822.2983610740894
2187 -834.241529007298
2188 -853.9934706706296
2189 -887.4841351087723
2190 -945.5768094445308
2191 -1045.969036292424
2192 -1060.696681764653
2193 -1075.262845307255
2194 -1080.611365683754
2195 -1082.990088454001
2196 -1085.690833615143
2197 -1089.949355934299
2198 -1097.017023607634
2199 -1112.624796931369
2200 -1117.206000294622
2201 -1119.728610176192
2202 -1123.90073170142
2203 -1130.975662141409
2204 -1142.166417251985
2205 -1160.455638643269
2206 -1187.194491306984
2207 -1196.975730718808
2208 -1201.328691612268
2209 -1207.798691731508
2210 -1220.880169597497
2211 -1244.982026098081
2212 -1250.523488608516
2213 -1254.245395046869
2214 -1260.018753523087
2215 -1269.466390161237
2216 -1285.239039315193
2217 -1304.92383539631
2218 -1312.200519750761
2219 -1316.326689277932
2220 -1322.758956498632
2221 -1334.170935187959
2222 -1337.552115998639
2223 -1339.666282687209
2224 -1342.983088085291
2225 -1348.063259706717
2226 -1356.095768164537
2227 -1369.02439022091
2228 -1391.352961994505
2229 -1400.21834218398
2230 -1405.206540742764
2231 -1411.968014531912
2232 -1422.826149152444
2233 -1441.296797611504
2234 -1445.501849872978
2235 -1448.566049604927
2236 -1453.201804352673
2237 -1460.247998934994
2238 -1471.414051784955
2239 -1489.538905112673
2240 -1495.797081628092
2241 -1500.07056017554
2242 -1506.578867879567
2243 -1508.49780348054
2244 -1509.750496562669
2245 -1511.654993060856
2246 -1514.322079436467
2247 -1518.392708573774
2248 -1524.505862298434
2249 -1534.067484221152
2250 -1549.641947738585
2251 -1559.393357958271
2252 -1562.48336897474
2253 -1563.108027236437
2254 -1564.033639386508
2255 -1565.278865052204
2256 -1567.066966680972
2257 -1569.534566884724
2258 -1573.207251538151
2259 -1578.458214513469
2260 -1586.590606280305
2261 -1599.7034721518
2262 -1610.458494210326
2263 -1614.948389121128
2264 -1619.098134731152
2265 -1620.600943534193
2266 -1621.702082071233
2267 -1623.306483585435
2268 -1625.483622605591
2269 -1628.559370791084
2270 -1633.072000777866
2271 -1639.972330347601
2272 -1647.487958591938
2273 -1658.444186251468
2274 -1664.349126330372
2275 -1667.213523019443
2276 -1668.890815541032
2277 -1673.970798108355
2278 -1675.240926392335
2279 -1676.21632462219
2280 -1677.630905685975
2281 -1679.582810218422
2282 -1682.305485374045
2283 -1686.177740691739
2284 -1692.047367007807
2285 -1701.465213767854
2286 -1708.138489582394
2287 -1711.143802133684
2288 -1714.049416340375
2289 -1722.295897346219
2290 -1734.875687933993
2291 -1754.558576421524
2292 -1784.814149971886
2293 -1834.028400933549
2294 -1835.90884497298
2295 -1836.542375241393
2296 -1837.468949247452
2297 -1838.825928461468
2298 -1840.876713600448
2299 -1844.017959777987
2300 -1852.424349918445
2301 -1865.192286896091
2302 -1884.07770969221
2303 -1912.779301317579
2304 -1916.986983953364
2305 -1920.348280754055
2306 -1925.107185936568
2307 -1926.822627771734
2308 -1928.364723094136
2309 -1930.440786232573
2310 -1932.291009661978
2311 -1934.702786690771
2312 -1937.818905861591
2313 -1941.817099762913
2314 -1944.671268606675
2315 -1946.777807310888
2316 -1947.201715814853
2317 -1947.864841189451
2318 -1948.720974765232
2319 -1949.796129058599
2320 -1951.148828334452
2321 -1952.896206708471
2322 -1955.109828615653
2323 -1957.930092969586
2324 -1961.562183198211
2325 -1966.210669945357
2326 -1968.210173821537
2327 -1970.878779170416
2328 -1974.691444474838
2329 -1980.328584630673
2330 -1986.582035875618
2331 -1989.591837096737
2332 -1992.147036771547
2333 -1995.962403976626
2334 -2001.820118352307
2335 -2003.802406488064
2336 -2004.998884754566
2337 -2006.644663865229
2338 -2008.929114976454
2339 -2010.314717791523
2340 -2011.018094692137
2341 -2011.87195454336
2342 -2013.203419787085
2343 -2015.279369787101
2344 -2018.513893494527
2345 -2021.749138420736
2346 -2026.15546800341
2347 -2027.701380661397
2348 -2028.69637901451
2349 -2030.076736997733
2350 -2031.994031102337
2351 -2032.968255162332
2352 -2033.408699915419
2353 -2034.03187668969
2354 -2034.859462404189
2355 -2035.993940522879
2356 -2037.736966258433
2357 -2040.390988049441
2358 -2043.763789270485
2359 -2048.353437613363
2360 -2062.205395617291
2361 -2089.213793611772
2362 -2130.573122995877
2363 -2195.449480321384
2364 -2198.011702897851
2365 -2198.256267799732
2366 -2198.899491952423
2367 -2200.474178049088
2368 -2203.047647919066
2369 -2209.990000327873
2370 -2223.599373164554
2371 -2242.839963200248
2372 -2243.305284594216
2373 -2242.080851944419
2374 -2241.444444766357
2375 -2241.006832023073
2376 -2240.855015266953
2377 -2241.027859707915
2378 -2241.746860772144
2379 -2243.275564932322
2380 -2246.019539717168
2381 -2249.57842545695
2382 -2258.328946735763
2383 -2276.997715503051
2384 -2303.740378042999
2385 -2343.039936552211
2386 -2403.054062534577
2387 -2405.20370393105
2388 -2403.131051728077
2389 -2402.589561763552
2390 -2401.390766181798
2391 -2401.102733102612
2392 -2400.888990776048
2393 -2400.697621018989
2394 -2400.415741946741
2395 -2400.189548020024
2396 -2400.013011290902
2397 -2399.92058108936
2398 -2399.973159528392
2399 -2400.262750840287
2400 -2400.927199158864
