"cy-rfile"
"Iteration" "cy"
("Iteration" "cy")
1 -0.0008815238772979215
2 -0.001887820586145452
3 -0.001791461777483076
4 -0.001517866726291043
5 -0.001178036918152238
6 -0.0009297354251394256
7 -0.0008342275987734886
8 -0.0008372774107151359
9 -0.0008301279496025226
10 -0.0007403156414190963
11 -0.000546640817555233
12 -0.0003168271099619835
13 -0.0001785119639646733
14 -0.0001177242075321338
15 -0.0001391033467059682
16 -0.0002391546511193976
17 -0.0002283296593166985
18 -0.0001795167462821137
19 4.307809936194796e-05
20 0.0003284914346780792
21 -2.475750045318321e-05
22 -0.0001659426569250736
23 -0.0001093092946227319
24 0.0006612742133333487
25 0.002512011199820988
26 0.006912242419908115
27 0.01534384014951643
28 0.02907450260038148
29 0.0497983861235503
30 0.07710988016921584
31 0.1097342837522458
32 0.1451373959492897
33 0.1804573455061923
34 0.2135321813432393
35 0.241142144356125
36 0.2606644765685756
37 0.2709170606083386
38 0.2714886166707937
39 0.2613998032587849
40 0.2430111408150097
41 0.2170190420373996
42 0.1859937954370242
43 0.1521096639888958
44 0.1153948062741372
45 0.07650482248579932
46 0.03727789308967797
47 -0.002374619655972928
48 -0.04025234735259842
49 -0.07508917880101484
50 -0.1052169386847902
51 -0.1307156459043967
52 -0.1522950400201461
53 -0.1697442610123857
54 -0.1825391323154761
55 -0.1924517918290506
56 -0.2003763600388851
57 -0.2065760299684827
58 -0.2115108735165488
59 -0.2146569701469899
60 -0.2161106352771567
61 -0.2159836897104408
62 -0.2140780750006039
63 -0.2104542692839049
64 -0.2047822705073834
65 -0.1974394436885887
66 -0.1881106922554033
67 -0.1771333122068749
68 -0.1649291828070427
69 -0.1518905914161901
70 -0.13732831429003
71 -0.1226814198983432
72 -0.1072787952367234
73 -0.09184465118230757
74 -0.07617129435646941
75 -0.05968359459212422
76 -0.04359384221500971
77 -0.02707655292231766
78 -0.01026549105400648
79 0.005837180010442525
80 0.02143362182371868
81 0.03426960801083055
82 0.04515148885704307
83 0.05526029009127588
84 0.06323522151344853
85 0.06874424343323468
86 0.07271475234379929
87 0.07566765203446721
88 0.07776141233104984
89 0.07876446323334141
90 0.07886499396091996
91 0.07814234701339119
92 0.07681902395770482
93 0.07528073592087454
94 0.07340549188207174
95 0.07118502067253488
96 0.06847602254895931
97 0.06519885542198366
98 0.06161633508548077
99 0.05779717871639171
100 0.05336171165738632
101 0.04815924215128274
102 0.04223406145254568
103 0.03597139962625928
104 0.02874408684708634
105 0.02039975343909037
106 0.01105680620045013
107 0.0008197944066415579
108 -0.01041131980744624
109 -0.02195998714292295
110 -0.03367327411937124
111 -0.04513868758742254
112 -0.05613579005530233
113 -0.06656272989360856
114 -0.07608292956384573
115 -0.08442368381256053
116 -0.0915268943263393
117 -0.09724873961864082
118 -0.1021533544543842
119 -0.1055062204875488
120 -0.1075040037713793
121 -0.1080303442388113
122 -0.1071501948443779
123 -0.1048301800833813
124 -0.1011539468978159
125 -0.09640960968740241
126 -0.09093236802285222
127 -0.08475299513344586
128 -0.07800778364825171
129 -0.07105291977945569
130 -0.06373225144204586
131 -0.05613118617449957
132 -0.04844428410403295
133 -0.04062589132111234
134 -0.03284629258032022
135 -0.02539192037510783
136 -0.01794840631292158
137 -0.01083992801672237
138 -0.004279008981367002
139 0.001621362348482145
140 0.007121997816915086
141 0.01201503733773086
142 0.01644569321077521
143 0.02040006493604047
144 0.02392653543880832
145 0.02680880407191396
146 0.02924628600960112
147 0.03093750928973531
148 0.03195614094351409
149 0.03268460364281396
150 0.03321644349755591
151 0.03345755057525975
152 0.03328749368755654
153 0.03290300693318382
154 0.03207782058980446
155 0.03113753091366734
156 0.02992284985724341
157 0.02833798541643535
158 0.02627213760478401
159 0.02380642200736864
160 0.02107822817393313
161 0.01814216283614879
162 0.01501832451398217
163 0.01188323596770833
164 0.008508018530859239
165 0.004954791954848869
166 0.001541276155337643
167 -0.001770021431113433
168 -0.005087266579722687
169 -0.0083271777433917
170 -0.01138807043789844
171 -0.01419041595740561
172 -0.0166782921504199
173 -0.01881357222349261
174 -0.02053523597407902
175 -0.02182109114281809
176 -0.02249936720328081
177 -0.02248655816344297
178 -0.02188949312953026
179 -0.02086929030846977
180 -0.01931883185138576
181 -0.01726094941797984
182 -0.0145523363574101
183 -0.01161482460995714
184 -0.008855935724664744
185 -0.006266094010092638
186 -0.003697617369352676
187 -0.001481466361266315
188 0.0002710895358322732
189 0.001501342500669409
190 0.002466261146385304
191 0.002942370568891766
192 0.002885579995672937
193 0.002497852663703547
194 0.001706572585113729
195 0.0006185624811983419
196 -0.0008687542799090227
197 -0.002704419995396258
198 -0.004724653996914806
199 -0.006537801011000764
200 -0.008335641560366022
201 -0.009908735582410594
202 -0.01143479207323681
203 -0.01280633917007893
204 -0.01412493350185634
205 -0.01523014556893931
206 -0.01608372601747573
207 -0.01670304236960248
208 -0.01703351313017738
209 -0.01723431806358612
210 -0.01725472003646119
211 -0.01695863418821902
212 -0.01640812179259048
213 -0.01562780562746022
214 -0.01467978914432148
215 -0.01363019606928534
216 -0.01258804706021301
217 -0.01155164153637661
218 -0.01059599068780279
219 -0.009560442488653001
220 -0.008513469478147276
221 -0.007361115988831833
222 -0.006171345016725483
223 -0.004752674751260688
224 -0.003015281403076068
225 -0.001082112498581503
226 0.0006425854306196669
227 0.002252606750661869
228 0.003762384890036731
229 0.0050881434590106
230 0.006093207040152037
231 0.006633359074544075
232 0.006909977839607125
233 0.006916371209890327
234 0.006766448214780552
235 0.006378177340923039
236 0.00588965196661686
237 0.005246330375357791
238 0.004524898641594086
239 0.003772554395664283
240 0.002918014320957603
241 0.001932291374485798
242 0.000807348485399587
243 -0.0003806495391897982
244 -0.00168251498276518
245 -0.002949531033089902
246 -0.004342591692265171
247 -0.005654013228836906
248 -0.006990310183528954
249 -0.00805040758832232
250 -0.009049991033522329
251 -0.009918831296937106
252 -0.01076226627021551
253 -0.01162511154444404
254 -0.01242582309701978
255 -0.01319675163044419
256 -0.01400996498123844
257 -0.01462006136164525
258 -0.01502002949448304
259 -0.01527744465688086
260 -0.01517022356931877
261 -0.01486419517331512
262 -0.01442991819552487
263 -0.013901326109541
264 -0.01329850982058215
265 -0.01253992223060905
266 -0.01168876443003744
267 -0.01056976519156149
268 -0.009262770712759702
269 -0.008001476469114872
270 -0.006739081219082942
271 -0.005419575429671395
272 -0.004066357137880629
273 -0.002693901737363737
274 -0.001420089879829689
275 -0.0002948263699684931
276 0.000824826476421364
277 0.001875816397258122
278 0.002741605668480627
279 0.003478388122002284
280 0.003949284335933575
281 0.004249728524137063
282 0.004534381201433802
283 0.004500490085360978
284 0.004229764091459486
285 0.003734565156368941
286 0.003031274521604975
287 0.002195626186005157
288 0.001185400124975885
289 2.939869723584715e-05
290 -0.001222695868417348
291 -0.002349049577817079
292 -0.003367835248584203
293 -0.004322794946223219
294 -0.005143116194889395
295 -0.005735978946243224
296 -0.006146944945369816
297 -0.006303230885458591
298 -0.006108702105564455
299 -0.005712218718695372
300 -0.005059146969629054
301 -0.004122839196184701
302 -0.003013215223861047
303 -0.001851151600301816
304 -0.0004949098934953957
305 0.001043454135205482
306 0.002649589692331786
307 0.004200958721172296
308 0.005787211731734531
309 0.00708439430783766
310 0.008064028972304236
311 0.008611586510936802
312 0.008904062065942766
313 0.008931845414069932
314 0.008590177512752744
315 0.007812281298443797
316 0.006588932499269838
317 0.004931534196698849
318 0.002870426555720376
319 0.0005425326806420966
320 -0.001943748668288027
321 -0.00444927053945408
322 -0.007071064029054198
323 -0.009717831811378157
324 -0.01252003344462782
325 -0.01550815562677613
326 -0.01878921437206627
327 -0.02297915305511972
328 -0.02738499387962106
329 -0.0315198915819775
330 -0.0353944198187052
331 -0.03855366291631482
332 -0.04239687453336381
333 -0.04477426142518528
334 -0.0448741238313213
335 -0.04279203541007533
336 -0.03935413845828559
337 -0.03456066310786657
338 -0.02914214321341536
339 -0.0243330913208714
340 -0.02047622654930173
341 -0.01694871441633423
342 -0.01298631964790362
343 -0.007666695887425374
344 -0.001751806658328201
345 0.005047348121785544
346 0.0130088589500582
347 0.02118921786121835
348 0.02940527593223867
349 0.0372753375129896
350 0.04406830847532526
351 0.04913405444516171
352 0.05158915762762891
353 0.05118498728760895
354 0.04696477588092472
355 0.03868804978903242
356 0.0260590798027009
357 0.01016033912860259
358 -0.009504025459627878
359 -0.02963530369724817
360 -0.05037254804040252
361 -0.06908958498134461
362 -0.08149808883599764
363 -0.0784515246007635
364 -0.06499816317071098
365 -0.0442044073913793
366 -0.009954920748018712
367 0.02584196200768138
368 0.06199186846421418
369 0.06708557012163492
370 0.07114632118600719
371 0.07520787858358233
372 0.06961419468590294
373 0.01370861563548342
374 -0.1038992388664712
375 -0.3213138840115908
376 -0.999766130197144
377 -2.154414171376512
378 -4.779501341288037
379 -5.071626846291052
380 -5.189926710744592
381 -5.332165731648699
382 -5.47200779697542
383 -5.688280454413705
384 -6.054734577711467
385 -6.765014585575895
386 -8.165255742449427
387 -11.13830164735858
388 -17.74892325540566
389 -30.96438336872021
390 -49.19405540102101
391 -51.81060867593597
392 -53.45916398346977
393 -55.50004319840062
394 -58.13386651818875
395 -61.41793567467985
396 -65.54180479370177
397 -70.59258788747526
398 -77.00827072318786
399 -87.94889387642384
400 -89.84771687478693
401 -90.85012418823577
402 -92.13059952235437
403 -93.45448333871418
404 -95.19185056010525
405 -97.48380589362115
406 -100.5431685926708
407 -104.6326884362091
408 -110.2560603940176
409 -118.1749365091966
410 -129.7643821650825
411 -131.6098943247987
412 -132.979992691205
413 -134.7233716666395
414 -136.9275378903771
415 -139.7760318179501
416 -140.1382746790449
417 -140.4262411285023
418 -140.7852145911953
419 -141.1484590396082
420 -141.6024463877972
421 -142.1700780024788
422 -142.8818153036598
423 -143.7779561790791
424 -144.9081714769398
425 -146.3417053221321
426 -148.1656974743353
427 -150.4709454781134
428 -153.3021550054812
429 -156.9588405748647
430 -161.5666353943628
431 -167.3059020585702
432 -168.0562540245281
433 -168.7296041386765
434 -169.5724670883942
435 -170.6281995213116
436 -171.9601640337172
437 -173.6646148522796
438 -175.7637852852762
439 -178.3272996755861
440 -181.4550019974673
441 -185.3595267331002
442 -186.0029679097122
443 -186.4915507957668
444 -187.0939379898489
445 -187.8318401319458
446 -188.7334822012952
447 -189.8900064664873
448 -191.3383920169921
449 -193.1530621379135
450 -195.3440072851216
451 -198.1147981901915
452 -201.6679673338138
453 -206.2023082332353
454 -211.7505304162732
455 -216.9239348672532
456 -223.3595233890728
457 -224.3177435702054
458 -225.016913329675
459 -225.8898871224206
460 -227.0156185173419
461 -228.4324452324396
462 -230.2351719150927
463 -232.4656693055697
464 -235.3036905147009
465 -238.9508391846047
466 -243.6748694820443
467 -249.7768620658652
468 -250.5525727489374
469 -251.1589483830598
470 -251.9246165903162
471 -252.8886493215118
472 -254.109749263102
473 -255.6770609630556
474 -257.6777286995389
475 -260.2597877631453
476 -263.582638356262
477 -267.5898542652722
478 -268.0840338139322
479 -268.4675414512552
480 -268.940860672212
481 -269.5421237109949
482 -269.6291321461297
483 -269.6957816343098
484 -269.7794148198164
485 -269.863473344333
486 -269.9687820315729
487 -269.9946675380367
488 -270.1637670978981
489 -270.3764974960744
490 -270.644128415419
491 -270.9807171016308
492 -271.4042112753315
493 -271.9398250864959
494 -272.6108185656141
495 -273.4266421026331
496 -274.4580529039847
497 -275.7740531528678
498 -277.3951103368187
499 -278.9607098115303
500 -280.9681614675882
501 -283.5651997267741
502 -287.0705337815448
503 -291.7138174127508
504 -295.153633840138
505 -295.9328865136807
506 -296.4876635366651
507 -297.2015587280858
508 -298.1474166606475
509 -299.4209871742485
510 -301.1287461066235
511 -303.4408839191826
512 -306.4060105150662
513 -306.7759020192706
514 -307.0703920267566
515 -307.440530008908
516 -307.9145044332848
517 -308.5230661060017
518 -309.3052876263619
519 -310.1063415664761
520 -311.1493292014362
521 -312.5085082397587
522 -314.2658994817447
523 -316.5342970095522
524 -319.4442078438061
525 -323.1551572347111
526 -328.0309750993542
527 -328.652615758865
528 -329.1263922520991
529 -329.7258138524455
530 -330.4999175243636
531 -331.5019982247985
532 -332.7907455627957
533 -334.4478719268313
534 -334.6714810207529
535 -334.8477892626855
536 -335.0685235608008
537 -335.2915914602514
538 -335.5707216254841
539 -335.9243252324234
540 -336.3714484454619
541 -336.9381855669914
542 -337.6785800728983
543 -338.6142081486745
544 -339.8033096626942
545 -341.3353115506775
546 -343.3155911922619
547 -345.8684899518494
548 -349.2461098201432
549 -353.6669262621274
550 -359.2597931862609
551 -359.9284267825905
552 -360.4438661908699
553 -361.0971070349974
554 -361.9338797860196
555 -363.0070075479873
556 -364.404020243321
557 -366.1781074960962
558 -368.4479037929736
559 -371.4196949126066
560 -375.3656505252383
561 -380.4728927010697
562 -385.6001945376763
563 -392.8774550897912
564 -393.6502853448659
565 -394.2492508345993
566 -395.0037217054885
567 -395.9819105728845
568 -397.2484772837348
569 -398.9308433145169
570 -401.1820197356499
571 -401.4306290265968
572 -401.6763402727941
573 -401.9874329249941
574 -402.3788678878516
575 -402.8783126866402
576 -403.5256663932793
577 -404.3590036867064
578 -405.4409200575539
579 -405.589019903472
580 -405.712856308088
581 -405.8698385239146
582 -406.0684297530855
583 -406.3200377687133
584 -406.6397197659663
585 -407.0473481992539
586 -407.5683112440665
587 -408.0984197423344
588 -408.7601939552752
589 -409.6127683060365
590 -409.724841864612
591 -409.8269285984746
592 -409.9544206855077
593 -410.1151232973293
594 -410.3177763327016
595 -410.5728214900077
596 -410.8949367822804
597 -411.3035939206359
598 -411.8198120691702
599 -411.8957659692293
600 -411.9572851630605
601 -417.055867393847
602 -417.6105649528714
603 -418.0379151317345
604 -418.5762037602914
605 -419.2623861063215
606 -420.1410158437865
607 -421.274273869964
608 -422.7362501623769
609 -424.6115541648916
610 -427.0026108640157
611 -430.0940821429261
612 -434.197726069337
613 -434.741810065252
614 -435.1999813385387
615 -435.7785603127033
616 -436.5188992357466
617 -437.4628951798932
618 -438.6657126035356
619 -440.2031945378919
620 -442.1809101581273
621 -444.7262676332009
622 -445.0645735503465
623 -445.360467167674
624 -445.7302819353395
625 -446.1943154259959
626 -446.7818307097064
627 -447.5227600921859
628 -448.4031654272434
629 -449.5982117700811
630 -451.1250972765904
631 -453.069543327083
632 -453.3425619555948
633 -453.5732615760969
634 -453.8598295295383
635 -454.2190903102443
636 -454.579770995913
637 -455.0298440841979
638 -455.5970553367952
639 -456.3091795772742
640 -457.2066317922645
641 -458.3384635144787
642 -459.7600412926326
643 -459.9645677881464
644 -460.1328990876989
645 -460.3419652426536
646 -460.5520199098353
647 -460.8151354652572
648 -461.1467347890856
649 -461.5639425067323
650 -462.0884381144542
651 -462.7497910359991
652 -463.585959645617
653 -464.6496655093337
654 -465.9939829946549
655 -467.6920141122172
656 -467.9375727650591
657 -468.1382670417549
658 -468.3939377625529
659 -468.7069670623046
660 -469.0994498713339
661 -469.5919950228918
662 -470.2120590639241
663 -470.9909330456345
664 -471.7741072610291
665 -472.7476393038356
666 -473.9815532218729
667 -475.5277971681998
668 -477.4714765881118
669 -479.936226163634
670 -483.075763018913
671 -486.9941359742
672 -491.8632271749204
673 -497.8107275312706
674 -498.6200361601246
675 -499.2864182337453
676 -500.1264851847933
677 -501.1835500812354
678 -502.503197996911
679 -504.1345356110917
680 -506.1483703669011
681 -508.6812723305372
682 -509.0112534549627
683 -509.3082933973963
684 -509.6765157846644
685 -510.136471540048
686 -510.7057642296422
687 -511.4100110346657
688 -512.1146379094617
689 -512.2105705332325
690 -512.2955450928098
691 -512.4019206987319
692 -512.5353964110752
693 -512.7027585583866
694 -512.9129459171751
695 -513.1766491327572
696 -513.5063819437652
697 -513.9169529935181
698 -514.4316306061833
699 -515.0566982813031
700 -515.8205559555331
701 -516.7714383944298
702 -517.957231236083
703 -519.4508482457909
704 -521.3280226584775
705 -523.6955238536342
706 -526.7102587800257
707 -530.5254859736827
708 -531.053991656785
709 -531.4744298738912
710 -531.9958777372078
711 -532.0703217888164
712 -532.1325307654297
713 -532.2091605344267
714 -532.3053051158895
715 -532.4278539046796
716 -532.5810625676372
717 -532.7748458275441
718 -533.0176090398405
719 -533.3235527449368
720 -533.7075162994213
721 -534.1940158689488
722 -534.8036719744896
723 -535.5653389136771
724 -536.5192144742983
725 -537.7256380199751
726 -539.2521236515456
727 -541.1161667078637
728 -541.3997701199158
729 -541.6123774147893
730 -541.649639170682
731 -541.6756836362578
732 -541.7080692150881
733 -541.7406872859168
734 -541.7812635083177
735 -541.8320634757467
736 -541.895443024057
737 -541.9749555344314
738 -542.0745481707228
739 -542.1997950508655
740 -542.3566631659151
741 -542.5529893716403
742 -542.7981249146733
743 -543.1036785439406
744 -543.480070960612
745 -543.9512525117213
746 -544.026840776417
747 -544.0839134194747
748 -544.1546348827459
749 -544.2431005076381
750 -544.3543695790718
751 -544.4668354082663
752 -544.6065511038212
753 -544.7813864191565
754 -545.0005331187923
755 -545.0372381232218
756 -545.0645367595238
757 -545.0983347307166
758 -545.1406066679667
759 -545.1935579318232
760 -545.2599776279792
761 -545.3429743856816
762 -545.4445120275359
763 -545.5742666443356
764 -545.5963307930765
765 -545.6125370473709
766 -545.6325868250677
767 -545.6576669794565
768 -545.6889540839518
769 -545.7205440610902
770 -545.759730799611
771 -545.8089016038373
772 -545.870068816566
773 -545.9450097047093
774 -546.0412369575851
775 -546.1617233688253
776 -546.3131163579415
777 -546.5042485590095
778 -546.7467801251162
779 -547.0465799327735
780 -547.4220572966178
781 -547.8988122031931
782 -548.5010927529596
783 -549.2579412627516
784 -550.2157539846201
785 -551.4299856871785
786 -552.9776371993157
787 -554.9312579291623
788 -555.2251252451834
789 -555.4511029118427
790 -555.7325143312377
791 -556.0875133419571
792 -556.5349591825395
793 -557.0980795206175
794 -557.8076670135664
795 -557.921368165068
796 -558.0062421905247
797 -558.1114757059703
798 -558.242875531617
799 -558.4067270472478
800 -558.6117939300531
801 -558.8693343279764
802 -559.1943400365783
803 -559.5946092310226
804 -560.1118898430092
805 -560.7611280374547
806 -560.8676501412659
807 -560.946415549318
808 -561.0388797428233
809 -561.1606388490716
810 -561.3130197953444
811 -561.5042437239617
812 -561.7444720391993
813 -562.0440554472312
814 -562.4206063470755
815 -562.8906848647022
816 -563.4737398611228
817 -564.1996733782443
818 -565.1094532224814
819 -566.2196659248981
820 -567.5708309476329
821 -567.7722565095614
822 -567.9221958828217
823 -568.1080566693581
824 -568.1344860542873
825 -568.1532333536237
826 -568.1761164510009
827 -568.1991123071757
828 -568.2274762806345
829 -568.2628774538545
830 -568.3071420888433
831 -568.3624403483799
832 -568.4311194887471
833 -568.5173344904173
834 -568.6286539010496
835 -568.6475201196873
836 -568.6612462270019
837 -568.6780898320079
838 -568.6991100203495
839 -568.7253582623537
840 -568.7581788944924
841 -568.7992787349285
842 -568.8508537160304
843 -568.9154400188233
844 -568.9961542783615
845 -569.0974570500994
846 -569.2238813382734
847 -569.3802453152823
848 -569.5730986402327
849 -569.7707154403848
850 -570.0154147286778
851 -570.3214225179662
852 -570.7117525949718
853 -571.2077692767882
854 -571.8092747415003
855 -572.5559724886452
856 -573.4708868214582
857 -574.6504970594806
858 -574.8593592527935
859 -575.0046500590462
860 -575.1838647750543
861 -575.4123894776918
862 -575.7018444237453
863 -576.0657829475501
864 -576.5072390454919
865 -577.0576053170566
866 -577.1550249561817
867 -577.223384042753
868 -577.3078207951173
869 -577.4127037098662
870 -577.5438190728544
871 -577.7074289372007
872 -577.9094304148207
873 -578.1666060552351
874 -578.4886961595785
875 -578.8951799155825
876 -579.4022593597865
877 -579.4909088442753
878 -579.5535736003056
879 -579.6302308385335
880 -579.7259107197758
881 -579.8235829282794
882 -579.9447107279498
883 -580.0964989312333
884 -580.2869450789641
885 -580.5251755524177
886 -580.8238933241068
887 -581.1906892483902
888 -581.2603762144699
889 -581.3044428579283
890 -581.359307662384
891 -581.4286342617916
892 -581.5157607069665
893 -581.6260722773421
894 -581.762149995062
895 -581.9279249753021
896 -582.1331897182766
897 -582.3882558335799
898 -582.7058121935258
899 -582.7606195163586
900 -582.7992489419617
901 -583.0422542401334
902 -583.2919470355354
903 -583.6003712317172
904 -583.9821108019927
905 -584.0571461035794
906 -584.1033088882069
907 -584.1606052193372
908 -584.2328894798669
909 -584.3230488819232
910 -584.4352461431258
911 -584.5753010777838
912 -584.7524651068113
913 -584.9738491355511
914 -585.2461957274642
915 -585.5704831237082
916 -585.9653059699307
917 -586.4394483238061
918 -586.5285689984817
919 -586.5863853051966
920 -586.6549402434513
921 -586.7412849933814
922 -586.8500922250053
923 -586.9868882028233
924 -587.1566547556833
925 -587.3691267264098
926 -587.6375648509597
927 -587.9745538585266
928 -588.0299028837441
929 -588.0699320219389
930 -588.1203354346792
931 -588.1839572454352
932 -588.2641064625636
933 -588.3645258459452
934 -588.4896744294598
935 -588.6135379045866
936 -588.7669904207526
937 -588.9607286746838
938 -589.1948409942333
939 -589.491567042353
940 -589.8672731015193
941 -590.340478008998
942 -590.9216264767435
943 -591.6322074614081
944 -591.7671342126395
945 -591.845896264379
946 -591.9403388895281
947 -592.0588443308625
948 -592.2076281820821
949 -592.3902880961236
950 -592.6144640200669
951 -592.6604595220506
952 -592.686234354363
953 -592.7179018833762
954 -592.7575257064901
955 -592.8074643222609
956 -592.8679430840306
957 -592.9422949327934
958 -593.0361966490754
959 -593.1538571419569
960 -593.30112767857
961 -593.4862816102705
962 -593.7079518812183
963 -593.9881620568739
964 -594.3441581862745
965 -594.7464589375569
966 -595.242901646558
967 -595.3431206860722
968 -595.3937113416038
969 -595.4560527273088
970 -595.5354920590197
971 -595.6386094135767
972 -595.7792160830346
973 -595.9626654254432
974 -596.1982386764038
975 -596.2491898003909
976 -596.2731914830326
977 -596.3026565865478
978 -596.3391102503316
979 -596.3833094430514
980 -596.4412145392637
981 -596.517387479347
982 -596.6153733604546
983 -596.7432429410165
984 -596.9017104845486
985 -597.0710194334112
986 -597.2867120975782
987 -597.5741782382747
988 -597.6359551437865
989 -597.6661222142752
990 -597.7031088781605
991 -597.7476111383351
992 -597.8034770693472
993 -597.8772221889874
994 -597.969378166486
995 -598.0872459976582
996 -598.236302520227
997 -598.4257842568051
998 -598.6650100972846
999 -598.9666426557438
1000 -599.0351054754847
1001 -599.0681445670929
1002 -599.1096722739562
1003 -599.1646617265432
1004 -599.2344453864989
1005 -599.3225181855826
1006 -599.4347159106923
1007 -599.5689441138733
1008 -599.7277492090822
1009 -599.9254896926242
1010 -599.9704489019692
1011 -599.990098390172
1012 -600.0134473711961
1013 -600.0429561758298
1014 -600.0801514362699
1015 -600.1300501327966
1016 -600.1955636736195
1017 -600.2741042311038
1018 -600.2925778967058
1019 -600.3011329331686
1020 -600.3119988529206
1021 -600.3256506824459
1022 -600.3428698461992
1023 -600.3641242276782
1024 -600.3902176130562
1025 -600.4227442339125
1026 -600.468537557781
1027 -600.5292896959219
1028 -600.6042034395507
1029 -600.695577183084
1030 -600.8110601022087
1031 -600.8406896628119
1032 -600.8528974705501
1033 -600.8681850874032
1034 -600.8872001777701
1035 -600.9125276751769
1036 -600.9435661894464
1037 -600.9818624235912
1038 -601.0293888499799
1039 -601.0880179889836
1040 -601.1666819193615
1041 -601.2686944981754
1042 -601.290835701697
1043 -601.2924669551602
1044 -601.2937221306931
1045 -601.2952150675866
1046 -601.297000101081
1047 -601.2991690715727
1048 -601.3018331593205
1049 -601.3045835268896
1050 -601.3079001073094
1051 -601.3120298932839
1052 -601.317105899936
1053 -601.3237765989253
1054 -601.3323145382252
1055 -601.3429392144683
1056 -601.3561757161656
1057 -601.372703699515
1058 -601.3935513433167
1059 -601.4209599141944
1060 -601.4561361656063
1061 -601.4976755964901
1062 -601.5492274990933
1063 -601.6033314178006
1064 -601.6753778502936
1065 -601.7663989051568
1066 -601.8830827236487
1067 -602.0149648423111
1068 -602.1840137728296
1069 -602.2224075800126
1070 -602.2415778058958
1071 -602.2657173123322
1072 -602.297222817097
1073 -602.3407137027461
1074 -602.3956280510311
1075 -602.4650606981066
1076 -602.5545464777745
1077 -602.6605443077358
1078 -602.792922490499
1079 -602.9490319181367
1080 -603.1265828601075
1081 -603.3204252359777
1082 -603.3435062031277
1083 -603.3609901895411
1084 -603.3828102115231
1085 -603.4058601199634
1086 -603.4331672565747
1087 -603.4663893731898
1088 -603.5054686197734
1089 -603.550859289404
1090 -603.6030868649427
1091 -603.6625612384393
1092 -603.7261431500348
1093 -603.7487801434659
1094 -603.7536418800621
1095 -603.7605445987454
1096 -603.7678597110264
1097 -603.7761782420506
1098 -603.7872315701053
1099 -603.8020403042719
1100 -603.8017043252496
1101 -603.8251458871454
1102 -603.8490377907917
1103 -603.8670251884523
1104 -603.8792234318307
1105 -603.8834548922738
1106 -603.873069205207
1107 -603.876155828739
1108 -603.8687531817667
1109 -603.8590161947328
1110 -603.8457314192684
1111 -603.826836431104
1112 -603.8062172358819
1113 -603.778431925215
1114 -603.7428530169783
1115 -603.6966190426718
1116 -603.6517936466169
1117 -603.5529052980525
1118 -603.3683080409007
1119 -603.3354641598064
1120 -603.3030252643864
1121 -603.261843331751
1122 -603.2083749240763
1123 -603.1425607782868
1124 -603.0524574113037
1125 -603.0436263858984
1126 -603.032604596224
1127 -603.0198126863257
1128 -603.0040821683982
1129 -602.9844092007806
1130 -602.9597192818715
1131 -602.9289180649114
1132 -602.8884482741621
1133 -602.836220044391
1134 -602.7690530257107
1135 -602.7653945103471
1136 -602.7562993017286
1137 -602.7447782382551
1138 -602.7304126243664
1139 -602.7124261657339
1140 -602.6946511156131
1141 -602.6726796914512
1142 -602.6448806910164
1143 -602.610551371296
1144 -602.567802363734
1145 -602.5128529622724
1146 -602.445414118807
1147 -602.3795546308867
1148 -602.2955724665155
1149 -602.1887497254684
1150 -602.0372726217093
1151 -601.8349364723824
1152 -601.5876995017052
1153 -601.2586887645396
1154 -600.8018395850037
1155 -600.7337439561085
1156 -600.6693733146136
1157 -600.5897261723161
1158 -600.489171068967
1159 -600.3629294058849
1160 -600.2017430105298
1161 -599.9986561224463
1162 -599.7375558581195
1163 -599.4009803427007
1164 -598.9760059034003
1165 -598.4267225766291
1166 -598.3821020051245
1167 -598.322601036689
1168 -598.248499921992
1169 -598.1743638505043
1170 -598.0804231851301
1171 -597.9627642742964
1172 -597.8167969080489
1173 -597.6331156874105
1174 -597.39603251059
1175 -597.3644814122653
1176 -597.3318803135217
1177 -597.2928728812664
1178 -597.2439372489624
1179 -597.1821521928066
1180 -597.105505442448
1181 -597.096853813388
1182 -597.0868934939691
1183 -597.0744830037112
1184 -597.0589306811084
1185 -597.0395249173712
1186 -597.0153091662723
1187 -596.9852617536416
1188 -596.947710960191
1189 -596.9008904242422
1190 -596.842187139364
1191 -596.7675643841021
1192 -596.6739091518017
1193 -596.5558792721392
1194 -596.4051563032981
1195 -596.2152544938218
1196 -595.9718298339151
1197 -595.6520360786117
1198 -595.3227091279937
1199 -594.9120039863777
1200 -594.3895357084916
1201 -594.1200055302837
1202 -593.8413791601001
1203 -593.4872795917123
1204 -593.0404969512286
1205 -592.4787414091074
1206 -591.7572270535223
1207 -591.6851100190703
1208 -591.5883780090967
1209 -591.4668317588335
1210 -591.3148627323736
1211 -591.3002199013567
1212 -591.2806780648392
1213 -591.2560988684291
1214 -591.2254586877518
1215 -591.1872757999593
1216 -591.1397759205513
1217 -591.0796497773913
1218 -591.0041319783728
1219 -590.9085269787125
1220 -590.7890256011827
1221 -590.6387163509711
1222 -590.4457613388741
1223 -590.2022835903113
1224 -589.8958094625577
1225 -589.5040117842661
1226 -589.0002732361492
1227 -588.3563210027374
1228 -587.5371422956897
1229 -586.497744227118
1230 -585.1745605195913
1231 -585.0215109219347
1232 -584.8444227837398
1233 -584.8212136272957
1234 -584.7989287422427
1235 -584.7710021079785
1236 -584.7360671091263
1237 -584.701262877713
1238 -584.6576654948483
1239 -584.603115155204
1240 -584.5345299604953
1241 -584.4483882610762
1242 -584.3400236810144
1243 -584.2036625197878
1244 -584.032800605789
1245 -583.8187431954025
1246 -583.5494159248022
1247 -583.2088908764816
1248 -582.77454177082
1249 -582.2213160573458
1250 -581.5293832621013
1251 -580.6617031806805
1252 -579.5606299612147
1253 -578.1560678470977
1254 -577.9782715033567
1255 -577.7887551615682
1256 -577.5518806827075
1257 -577.2530283196999
1258 -576.8779725692671
1259 -576.4080920210217
1260 -575.8159548911958
1261 -575.0611292637365
1262 -574.2912604722314
1263 -573.327398377358
1264 -572.114745455258
1265 -570.569551620407
1266 -568.5930632468086
1267 -568.3324545262088
1268 -568.0737804915149
1269 -567.7527262098602
1270 -567.356016916323
1271 -566.8564475768898
1272 -566.2269944376958
1273 -565.4345301518421
1274 -564.4317012026212
1275 -563.1406103847983
1276 -561.5186964047635
1277 -559.5297860225523
1278 -556.9830739333587
1279 -556.6524559814865
1280 -556.3191300874036
1281 -555.9001418353488
1282 -555.3732494357539
1283 -554.6937276097202
1284 -553.8423750370852
1285 -553.7419794265485
1286 -553.6337137731946
1287 -553.4983364309879
1288 -553.3630269889476
1289 -553.1929214081312
1290 -552.9799749064317
1291 -552.7120333264897
1292 -552.3754346660294
1293 -551.9540276882012
1294 -551.4259819483814
1295 -550.7644472208793
1296 -549.9361860872276
1297 -548.8965811144981
1298 -547.5918043842256
1299 -545.9601715115864
1300 -543.9257566196985
1301 -541.8995811884673
1302 -539.3690076085888
1303 -539.0541931253088
1304 -538.7293306373961
1305 -538.3234467707945
1306 -537.816727707911
1307 -537.1850000940141
1308 -536.3939573032058
1309 -535.4027352002277
1310 -534.1585955500856
1311 -532.625921518792
1312 -532.4092136597113
1313 -532.2139948015127
1314 -531.9696831022998
1315 -531.6665967742179
1316 -531.2887927432282
1317 -530.8154965042625
1318 -530.2274552316806
1319 -529.4971414864804
1320 -528.5872308392508
1321 -527.445347894688
1322 -526.0158630351922
1323 -524.2091735463027
1324 -521.9850628899716
1325 -519.2561524230484
1326 -518.9603489221915
1327 -518.6132441607372
1328 -518.1815221737379
1329 -517.6447523018007
1330 -516.9761163200203
1331 -516.1475704428079
1332 -515.1153499647224
1333 -513.8391434881402
1334 -512.2627520755267
1335 -510.3354611744699
1336 -510.1059743539741
1337 -509.8609059234142
1338 -509.5579497096695
1339 -509.1841678123469
1340 -508.7224903182437
1341 -508.1529522359043
1342 -507.4470483611201
1343 -506.5852073752884
1344 -505.5209602439633
1345 -504.2124671956728
1346 -502.5995566171719
1347 -500.9861051838111
1348 -499.0050876320722
1349 -496.5968226339465
1350 -496.3085363122535
1351 -495.9953355956746
1352 -495.6051114489901
1353 -495.1242760474535
1354 -494.5293742562647
1355 -493.7917041710676
1356 -492.8803887034813
1357 -491.7490617820449
1358 -491.6229106121097
1359 -491.4805332640545
1360 -491.3029574942481
1361 -491.0815981940046
1362 -490.8062720899992
1363 -490.4622836470256
1364 -490.0313790453608
1365 -489.6015686764385
1366 -489.064593547584
1367 -488.394540273181
1368 -487.5651984612884
1369 -486.5399450925213
1370 -485.257208106867
1371 -485.1077979543667
1372 -484.9448684308106
1373 -484.7399819160781
1374 -484.4803475407494
1375 -484.1551312435296
1376 -483.7503074982848
1377 -483.2460886958821
1378 -482.6181610170672
1379 -481.8386856438926
1380 -480.8804520486568
1381 -479.7060216032678
1382 -479.5183961740794
1383 -479.3662131445361
1384 -479.1807959546343
1385 -478.9492026006891
1386 -478.6599674240782
1387 -478.2980020264848
1388 -477.8459589537448
1389 -477.2829041898476
1390 -477.2154535778379
1391 -477.1446333883877
1392 -477.0561324045357
1393 -476.9455601552042
1394 -476.8354183863059
1395 -476.6976093900793
1396 -476.5254097119432
1397 -476.3103823120013
1398 -476.0436632300648
1399 -475.7130775022936
1400 -475.3067742574027
1401 -474.7990134499917
1402 -474.1635836184491
1403 -473.3698963904243
1404 -472.3678697750672
1405 -471.1118662078429
1406 -469.5485910410155
1407 -469.3475480247756
1408 -469.1453924807112
1409 -468.8929040580912
1410 -468.5761374569944
1411 -468.1790533248644
1412 -467.6795903549745
1413 -467.0456307117613
1414 -466.2506146262567
1415 -465.4559285820689
1416 -464.4536721948335
1417 -463.1974735501422
1418 -461.5813578632847
1419 -459.5550945501112
1420 -456.9716652519677
1421 -456.6454614844708
1422 -456.3151778005169
1423 -456.2737927250163
1424 -456.231173586171
1425 -456.1778564526904
1426 -456.1111151948375
1427 -456.0277067034136
1428 -455.9235399814981
1429 -455.7933739781716
1430 -455.6303713437508
1431 -455.4266158002902
1432 -455.1720880924129
1433 -454.8540862003256
1434 -454.4560273147542
1435 -453.9579999200511
1436 -453.332713300448
1437 -452.5405186045051
1438 -451.5417833246739
1439 -450.5454468637382
1440 -449.3109553114621
1441 -447.7555489689395
1442 -445.7912841518596
1443 -443.3351208623595
1444 -440.2939159891206
1445 -436.5147025142496
1446 -436.1153234134254
1447 -435.7124615948213
1448 -435.2101008072177
1449 -434.7059407060027
1450 -434.6434993491926
1451 -434.5800073769236
1452 -434.5006670266942
1453 -434.4014869968125
1454 -434.2774214878535
1455 -434.1230077347326
1456 -433.9298466437128
1457 -433.6879106477275
1458 -433.3822797908834
1459 -432.9929853528242
1460 -432.5075750527029
1461 -432.4477481755928
1462 -432.3870786031471
1463 -432.3111253618333
1464 -432.2161148161608
1465 -432.0973757325202
1466 -431.9493341224211
1467 -431.7646086687882
1468 -431.5335149312488
1469 -431.2446505355716
1470 -430.9527541245859
1471 -430.5872212986288
1472 -430.130944885219
1473 -430.0751966201447
1474 -430.0183159298608
1475 -429.9470741100654
1476 -429.8579478726575
1477 -429.7464392181386
1478 -429.6075979527366
1479 -429.4341276174058
1480 -429.2175399154305
1481 -428.9470272641214
1482 -428.6108786255418
1483 -428.1910673053969
1484 -427.667319602767
1485 -427.0169488168434
1486 -426.9355204610457
1487 -426.8537020424014
1488 -426.7515132288709
1489 -426.6244543005539
1490 -426.4655047037451
1491 -426.2669278406906
1492 -426.0187412903858
1493 -425.7086585486385
1494 -425.6712708029747
1495 -425.6326518820331
1496 -425.5842338965367
1497 -425.523538098731
1498 -425.447482166897
1499 -425.3523258489287
1500 -425.2334540239694
1501 -424.4869693261539
1502 -424.4130619303216
1503 -424.3386649361685
1504 -424.2453325661455
1505 -424.1290233403153
1506 -423.9841004060435
1507 -423.803549235582
1508 -423.5781057223597
1509 -423.2968426568505
1510 -422.9455645121715
1511 -422.5086651143424
1512 -421.9642373357347
1513 -421.2880997256287
1514 -420.4495405605217
1515 -419.4125938604657
1516 -418.1293517324629
1517 -416.5359815894575
1518 -414.5558019077308
1519 -412.1111320906195
1520 -409.0856381924797
1521 -405.4459925837824
1522 -405.0238793238461
1523 -404.5545728643681
1524 -403.9705206868314
1525 -403.2502965799359
1526 -402.3645993601864
1527 -401.2730268778871
1528 -399.936958625277
1529 -398.2813729846808
1530 -396.2462811688734
1531 -393.7540167940713
1532 -390.7468617516354
1533 -390.3489179089541
1534 -389.940137112539
1535 -389.4310595072345
1536 -388.7813505338459
1537 -387.9725437518589
1538 -387.1657419902218
1539 -386.1653008999126
1540 -384.9252266221115
1541 -383.4212904884862
1542 -381.5979306963224
1543 -379.7186595127297
1544 -377.419087301564
1545 -374.6207457250638
1546 -371.3723324369684
1547 -367.147964209543
1548 -362.2819545333534
1549 -361.6898311634918
1550 -361.6353940769855
1551 -361.5726851101145
1552 -361.4944304197886
1553 -361.3987355010701
1554 -361.2790253381719
1555 -361.1296231641606
1556 -360.9428721016365
1557 -360.7119458136079
1558 -360.4215117815138
1559 -360.055427964327
1560 -359.5968520468152
1561 -359.0265663473332
1562 -358.3172409305609
1563 -357.4357886931213
1564 -356.3465710753433
1565 -354.9406436351633
1566 -353.1345278562308
1567 -352.9239597233316
1568 -352.6881941357187
1569 -352.394281048589
1570 -352.0276228791014
1571 -351.5724224342253
1572 -351.0020301624855
1573 -350.309310273924
1574 -350.2257937620569
1575 -350.1377399542982
1576 -350.0274981582959
1577 -349.8895922218066
1578 -349.7174593276662
1579 -349.502711097626
1580 -349.2351300669108
1581 -348.9022081802601
1582 -348.4886350703655
1583 -347.9726049947637
1584 -347.3115104574258
1585 -346.4873162471845
1586 -345.6580893700426
1587 -345.5549589534835
1588 -345.4537729001656
1589 -345.3211238843142
1590 -345.155156175281
1591 -344.9473431639523
1592 -344.6867759343424
1593 -344.359629336134
1594 -343.9527354843834
1595 -343.4432589028674
1596 -342.8052177244079
1597 -342.725811540207
1598 -342.6450332631119
1599 -342.543751371624
1600 -342.4168861276162
1601 -342.2582368910457
1602 -342.059818004641
1603 -341.8128534490174
1604 -341.5043142817655
1605 -341.4659878298792
1606 -341.4269346059897
1607 -341.3780783087648
1608 -341.3169934634637
1609 -341.2406088521512
1610 -341.1450587037833
1611 -341.0256212422421
1612 -340.8751899410431
1613 -340.6859406018286
1614 -340.449297485507
1615 -340.1558451487053
1616 -339.7894760667023
1617 -339.3293954246026
1618 -338.7555565968603
1619 -338.0409076970237
1620 -337.1495841678957
1621 -336.0443664902435
1622 -334.664340425929
1623 -334.4955903067741
1624 -334.3240896209634
1625 -334.1092349798838
1626 -333.8415605996415
1627 -333.5064621016127
1628 -333.0878743603822
1629 -332.5658625302391
1630 -331.9100711385957
1631 -331.8323599178613
1632 -331.749504483849
1633 -331.6452210434894
1634 -331.6314345088784
1635 -331.6184246017895
1636 -331.6020781356038
1637 -331.5815502395656
1638 -331.5558298820985
1639 -331.5236598460455
1640 -331.4834349593286
1641 -331.4331615558122
1642 -331.3703566600828
1643 -331.2918776324738
1644 -331.1939401369248
1645 -331.0716302271363
1646 -330.9188932966895
1647 -330.7281337801957
1648 -330.5373510563265
1649 -330.2992936621838
1650 -330.0025594407265
1651 -329.6307963959196
1652 -329.5772020993796
1653 -329.5330372096874
1654 -329.4746698048079
1655 -329.4017375213943
1656 -329.3101762321918
1657 -329.195399664858
1658 -329.0522922303685
1659 -328.8735204726792
1660 -328.6501224561978
1661 -328.3710494667761
1662 -328.0250001505388
1663 -327.5975010488932
1664 -327.171825605722
1665 -326.6412050344871
1666 -325.9797209274204
1667 -325.9047350319494
1668 -325.8223722290443
1669 -325.71916403934
1670 -325.5901484492293
1671 -325.4289058395493
1672 -325.2266219884856
1673 -324.9734814126994
1674 -324.6580743686683
1675 -324.2626369632051
1676 -323.7668803579183
1677 -323.1385337167572
1678 -322.3479818765419
1679 -321.3513458252526
1680 -320.1019076234248
1681 -318.5148877981607
1682 -318.3202370582231
1683 -318.1080946129532
1684 -317.8439226895206
1685 -317.5139942732499
1686 -317.1018406810425
1687 -316.6890076258948
1688 -316.1747238568511
1689 -315.5252999851879
1690 -314.7024183066764
1691 -313.6757237992142
1692 -312.629564438565
1693 -311.3106804547004
1694 -309.6900497898229
1695 -309.4832933128425
1696 -309.2813208644882
1697 -309.0281395281256
1698 -308.7731332745561
1699 -308.4533921055819
1700 -308.0510216988617
1701 -307.5471726536528
1702 -306.9161817557566
1703 -306.1154228626881
1704 -305.1131746810677
1705 -303.8638475750959
1706 -302.3023949158007
1707 -302.0864911525413
1708 -301.8877746103418
1709 -301.6362995233355
1710 -301.3293384047403
1711 -300.9458589333895
1712 -300.4675746110862
1713 -299.8692597738357
1714 -299.7901847743133
1715 -299.7142524976214
1716 -299.6196621740429
1717 -299.5016098096341
1718 -299.3835713076238
1719 -299.2362985797918
1720 -299.0526452185657
1721 -298.8238410507858
1722 -298.5392550855721
1723 -298.1803224618065
1724 -297.7322381236481
1725 -297.1752413413901
1726 -297.1040742740713
1727 -297.0336758931391
1728 -296.9456153906415
1729 -296.8357221575054
1730 -296.6979905971052
1731 -296.5257664311209
1732 -296.3101126301403
1733 -296.0409413944232
1734 -295.7049120459774
1735 -295.2845408416023
1736 -294.7562316250557
1737 -294.0940607167807
1738 -293.2749411838681
1739 -292.2451723092097
1740 -291.2368821525203
1741 -289.9541193212675
1742 -288.3534829297239
1743 -288.1428951696498
1744 -287.939009808413
1745 -287.6839881189749
1746 -287.3629102988447
1747 -286.9651319069256
1748 -286.4677302503109
1749 -285.9676073370131
1750 -285.3420140511082
1751 -284.5574951610321
1752 -283.5830091973626
1753 -282.3456368124768
1754 -280.804065774796
1755 -278.8685985618932
1756 -276.4359671095269
1757 -276.1010857048909
1758 -275.7882366451131
1759 -275.3989157364994
1760 -274.9121625828208
1761 -274.2997684074934
1762 -273.5334119475216
1763 -272.5773828510666
1764 -271.3865996921938
1765 -269.9052629512186
1766 -268.0690209692067
1767 -265.7752344117284
1768 -263.4007112017505
1769 -260.37869131562
1770 -259.9310634043911
1771 -259.5348353000491
1772 -259.0373925601831
1773 -258.4149354275906
1774 -257.6377880587573
1775 -256.6677804546111
1776 -255.4547634125663
1777 -253.9381236564186
1778 -252.0415181453441
1779 -249.6529838381438
1780 -249.3085789230138
1781 -249.0018451222273
1782 -248.6190508694032
1783 -248.1413537910715
1784 -247.5435198373027
1785 -246.7892727436507
1786 -245.8395170871839
1787 -244.6500160282188
1788 -243.1658324642952
1789 -242.9514628941491
1790 -242.7597194217776
1791 -242.521575275203
1792 -242.2247402197441
1793 -241.8538445019257
1794 -241.3921147955242
1795 -240.8157849652418
1796 -240.0949755928638
1797 -239.1976436182315
1798 -238.0814098245953
1799 -236.9861697990974
1800 -235.6361363994522
1801 -235.5193184288916
1802 -235.4298969604081
1803 -235.3202521714426
1804 -235.1833554426363
1805 -235.0124217765647
1806 -234.799450727415
1807 -234.5333721510049
1808 -234.2012129482929
1809 -233.7865135361836
1810 -233.2696706682418
1811 -232.6242034170624
1812 -231.8223512739087
1813 -230.8308615805112
1814 -229.6004346578857
1815 -228.0694016172997
1816 -226.1614736471129
1817 -225.8922941856421
1818 -225.6474976107793
1819 -225.3438243896771
1820 -224.9649899371088
1821 -224.4945566899328
1822 -223.9086800111094
1823 -223.1792921998332
1824 -222.2741698479086
1825 -221.1483071649382
1826 -220.9897956212052
1827 -220.84686400676
1828 -220.6690094331335
1829 -220.4479314601496
1830 -220.1708202964506
1831 -219.8229070252761
1832 -219.388219735532
1833 -218.8495573199158
1834 -218.1831007216089
1835 -217.3479748867708
1836 -216.3140605134236
1837 -215.2835024161228
1838 -214.0128273438172
1839 -212.4411314309816
1840 -210.5060299872856
1841 -208.1326251750137
1842 -205.7778770745024
1843 -202.8822994524789
1844 -199.2946903395475
1845 -194.8963715227281
1846 -1852.330632220292
1847 -1881.127565219918
1848 -1897.133412749092
1849 -1915.89217165305
1850 -1942.54737213767
1851 -1981.164365073234
1852 -1981.521424024604
1853 -1980.094825118139
1854 -1979.049288234917
1855 -1977.519537529085
1856 -1975.482369574979
1857 -1970.447025144336
1858 -1967.149099051819
1859 -1966.537666494557
1860 -1969.212836040357
1861 -1976.578216558466
1862 -1971.661472139599
1863 -1967.499051197677
1864 -1964.850513824079
1865 -1962.759270781916
1866 -1961.561137956534
1867 -1961.780286646617
1868 -1963.423528978366
1869 -1966.954408886558
1870 -1972.795150297228
1871 -1981.34631386672
1872 -1993.662274238332
1873 -2010.851244034711
1874 -2038.117899125871
1875 -2040.126662391078
1876 -2042.376163226605
1877 -2045.772029119824
1878 -2045.373435449127
1879 -2045.09893793371
1880 -2045.213143564081
1881 -2045.431740166435
1882 -2046.082632643294
1883 -2047.232105167652
1884 -2048.949424283386
1885 -2051.166242989036
1886 -2054.10539306064
1887 -2058.171959366806
1888 -2062.440047787349
1889 -2067.802661380801
1890 -2074.649614871994
1891 -2084.486178560144
1892 -2093.427616719083
1893 -2102.859569567273
1894 -2114.129925006751
1895 -2128.200014228476
1896 -2130.889184081517
1897 -2133.557439109984
1898 -2136.796522201316
1899 -2140.80949610815
1900 -2145.872047458604
1901 -2152.375830670543
1902 -2159.326002460381
1903 -2165.979519261868
1904 -2174.093440380867
1905 -2184.423250111464
1906 -2194.787443212459
1907 -2191.948460618019
1908 -2218.20391976879
1909 -2247.753060978881
1910 -2288.114111278659
1911 -2295.413673128568
1912 -2302.232485208815
1913 -2310.144129395933
1914 -2319.526680209779
1915 -2330.754832373455
1916 -2344.226498358986
1917 -2347.202373870791
1918 -2350.308017164124
1919 -2353.949278446736
1920 -2354.837930267812
1921 -2355.802375863463
1922 -2356.816191196278
1923 -2357.897158265906
1924 -2359.0727641863
1925 -2360.389458862292
1926 -2361.903870820696
1927 -2363.685591702385
1928 -2365.821966917874
1929 -2368.424393440303
1930 -2371.636429763677
1931 -2375.645372341999
1932 -2380.699329991467
1933 -2386.685972069133
1934 -2394.247564197162
1935 -2404.936558948907
1936 -2417.858029386278
1937 -2433.378163657407
1938 -2446.317251498972
1939 -2448.550081001874
1940 -2450.978056257502
1941 -2453.950713595831
1942 -2457.623901198391
1943 -2461.963722969234
1944 -2467.298430246957
1945 -2474.46367031425
1946 -2483.852451234116
1947 -2495.593097646185
1948 -2505.78246884136
1949 -2515.422431121676
1950 -2527.071360349429
1951 -2541.542088159285
1952 -2559.588678678791
1953 -2588.451573410598
1954 -2617.752190860897
1955 -2623.301203331464
1956 -2628.927948402199
1957 -2635.931932574143
1958 -2644.601386926391
1959 -2654.205909565482
1960 -2663.14374803309
1961 -2673.736747348894
1962 -2686.885533677625
1963 -2702.896944746405
1964 -2718.626350961831
1965 -2736.661674848212
1966 -2755.935096991972
1967 -2761.152904060723
1968 -2766.347539905852
1969 -2772.935507783827
1970 -2781.315310048352
1971 -2792.001688921102
1972 -2800.640024813453
1973 -2810.636681710913
1974 -2822.638224731479
1975 -2836.270871270518
1976 -2839.640450152458
1977 -2843.002039888917
1978 -2847.426768375231
1979 -2852.690455050097
1980 -2859.579093049504
1981 -2867.806617973147
1982 -2877.808242903677
1983 -2888.656234691258
1984 -2896.491477376353
1985 -2903.260925437449
1986 -2909.558837240391
1987 -2920.902014974484
1988 -2931.389460350587
1989 -2940.3383680207
1990 -2945.477761377555
1991 -2951.767077810855
1992 -2959.595179513463
1993 -2967.748401957212
1994 -2977.608471686564
1995 -2986.863572704436
1996 -2996.202678998153
1997 -3010.180410632898
1998 -3026.300090463376
1999 -3040.901782191499
2000 -3050.586410929843
2001 -3056.666539666936
2002 -3063.382012465738
2003 -3071.216483077182
2004 -3081.163722093228
2005 -3092.502777802691
2006 -3107.201384440315
2007 -3118.644486656627
2008 -3130.347780033806
2009 -3142.252742136206
2010 -3153.279898916081
2011 -3159.807247497813
2012 -3163.261682473053
2013 -3171.374359998225
2014 -3178.488349727539
2015 -3187.039570475917
2016 -3196.163904849192
2017 -3206.040209024581
2018 -3214.746795402268
2019 -3221.926280501141
2020 -3228.987424027805
2021 -3235.94450350067
2022 -3238.225166210424
2023 -3211.95258915312
2024 -3100.542330054888
2025 -2967.153592616768
2026 -2975.984787834132
2027 -2985.928413543034
2028 -2997.432203201175
2029 -3008.816901531137
2030 -3014.310587611541
2031 -3018.814557591381
2032 -3022.239672060457
2033 -3026.128147301126
2034 -3030.941102211573
2035 -3036.88210309492
2036 -3044.187699119049
2037 -3052.202414638404
2038 -3061.197945904297
2039 -3072.068031500327
2040 -3084.98879308319
2041 -3098.852594889246
2042 -3114.168602637444
2043 -3130.940594058508
2044 -3138.463419731605
2045 -3132.847592864908
2046 -3100.38131002827
2047 -3007.578262409807
2048 -2839.469535969096
2049 -2641.968047027145
2050 -2445.6733747297
2051 -2456.492433887184
2052 -2472.71760410851
2053 -2490.929407393216
2054 -2510.241278158181
2055 -2524.465583631312
2056 -2533.188220266409
2057 -2525.358834768224
2058 -2481.518739959149
2059 -2438.988039431982
2060 -2366.904483815018
2061 -2246.903375693194
2062 -2045.299197668295
2063 -1706.273277775104
2064 -1168.501758322456
2065 -1187.602141771839
2066 -1234.390513128092
2067 -1280.881206118721
2068 -1313.598317458693
2069 -1325.351927139848
2070 -1325.975732952247
2071 -1237.081253921531
2072 -1216.291825256991
2073 -1243.334377855135
2074 -1272.705056818408
2075 -1308.150619263384
2076 -1350.334495226856
2077 -1399.510446369475
2078 -1455.321259750674
2079 -1513.174395367947
2080 -1559.639440686962
2081 -1584.440892349202
2082 -1557.609653301548
2083 -1416.847485039894
2084 -1209.360137704448
2085 -1032.551474187732
2086 -1055.565307369997
2087 -1106.644938228256
2088 -1161.766956126962
2089 -1226.083475336438
2090 -1292.799313494222
2091 -1359.429405447193
2092 -1417.980048179129
2093 -1448.88524148336
2094 -1417.838731945588
2095 -1204.68708562406
2096 -1030.695714691535
2097 -793.2702069348069
2098 -829.4469766060142
2099 -896.2478231380148
2100 -969.1432755502491
2101 -871.1748826341004
2102 -616.1525155268356
2103 -647.1152564604447
2104 -704.5822116888982
2105 -768.0305721644517
2106 -843.7426366951872
2107 -937.8113360779212
2108 -1040.307041887972
2109 -1153.932061081949
2110 -1273.236163329901
2111 -1387.335376529265
2112 -1486.783204274496
2113 -1373.900232517658
2114 -1319.56640750098
2115 -1370.198488824397
2116 -1434.613669975243
2117 -1510.316642028032
2118 -1602.765702694429
2119 -1706.867285842949
2120 -1829.392054989883
2121 -1975.640455058144
2122 -2152.352182485848
2123 -2381.084100334277
2124 -2486.018390740065
2125 -2484.059307605763
2126 -2542.35567482013
2127 -2599.080936150852
2128 -2670.187114283223
2129 -2759.515554035679
2130 -2871.48430342223
2131 -3003.578542367036
2132 -3176.065180925391
2133 -3410.996110810466
2134 -3754.536441397267
2135 -4167.547106495113
2136 -4439.110295645653
2137 -4538.977258161839
2138 -4619.999113859218
2139 -4747.408113122383
2140 -4848.292017978684
2141 -4922.905165405009
2142 -5022.949001046978
2143 -5155.108525623999
2144 -5336.363737272162
2145 -5597.039490191577
2146 -5996.908187797854
2147 -6594.333087574873
2148 -6804.495909799762
2149 -6891.07724549006
2150 -7019.295413442564
2151 -7174.16985740344
2152 -7361.264016262897
2153 -7501.811300392129
2154 -7598.607617949039
2155 -7745.795055110496
2156 -7896.07299544644
2157 -8123.58750164808
2158 -8493.015010937335
2159 -9124.563702794385
2160 -9483.691856101357
2161 -9617.904144898515
2162 -9688.515495565845
2163 -9727.626669622576
2164 -9786.202655985413
2165 -9838.192460831151
2166 -9916.210938123437
2167 -10015.57081001425
2168 -10157.71833492646
2169 -10375.23075671467
2170 -10721.12303323518
2171 -11299.78972284453
2172 -11985.9075332303
2173 -12264.33602708226
2174 -12341.52684619292
2175 -12428.01747706684
2176 -12478.1564853348
2177 -12546.51035220172
2178 -12638.71127404434
2179 -12767.6750407731
2180 -12962.58251305854
2181 -13274.90674867863
2182 -13798.52666984575
2183 -14308.98945863747
2184 -14504.16719614497
2185 -14580.89110474696
2186 -14708.31636761676
2187 -14833.58803914427
2188 -15026.70467087568
2189 -15333.36541421114
2190 -15863.75099849156
2191 -16809.49011870028
2192 -17127.32737018512
2193 -17431.33129606341
2194 -17557.17047524422
2195 -17626.30143426175
2196 -17701.22377297557
2197 -17814.38659808276
2198 -17989.6420943748
2199 -18198.59411054151
2200 -18315.38328845321
2201 -18389.57160814631
2202 -18499.34410349881
2203 -18647.00056123576
2204 -18877.3641636549
2205 -19256.42522486479
2206 -19815.63271304636
2207 -20031.53881658395
2208 -20125.78864545278
2209 -20361.44304246079
2210 -20557.08689146187
2211 -20850.28383357959
2212 -20982.81944798951
2213 -21075.22636571264
2214 -21213.66537915493
2215 -21418.65928022966
2216 -21740.56282491454
2217 -22147.07434377468
2218 -22301.55824474692
2219 -22380.85907727018
2220 -22497.250166074
2221 -22689.18633532697
2222 -22782.07184164665
2223 -22841.48916020796
2224 -22929.23913440757
2225 -23053.11272829343
2226 -23236.69698886644
2227 -23527.41595239855
2228 -23991.90852073905
2229 -24171.83967469524
2230 -24261.73154634556
2231 -24374.68271420383
2232 -24548.93557707763
2233 -24800.98622001409
2234 -24903.20057023935
2235 -24976.43484819814
2236 -25083.68053914501
2237 -25243.97195330878
2238 -25493.97222515249
2239 -25894.62164928452
2240 -26032.55787893091
2241 -26102.98743721342
2242 -26208.0316758406
2243 -26268.50317040702
2244 -26304.91838009412
2245 -26357.11223585624
2246 -26428.4652394784
2247 -26524.50192379526
2248 -26665.85164649387
2249 -26883.12193759396
2250 -27231.3193576132
2251 -27474.39168246238
2252 -27552.48135854218
2253 -27572.88026967009
2254 -27601.72186529917
2255 -27638.75002649532
2256 -27685.28056061699
2257 -27747.81107804381
2258 -27840.2160537477
2259 -27966.62358493576
2260 -28157.70386678417
2261 -28459.18134320109
2262 -28727.18577997655
2263 -28879.30289301112
2264 -28991.83955591906
2265 -29039.63040685233
2266 -29070.38956711665
2267 -29113.08923239189
2268 -29170.23161462409
2269 -29249.32258191784
2270 -29362.62341639962
2271 -29531.41391935596
2272 -29714.99130022461
2273 -29976.7813140352
2274 -30152.00303904388
2275 -30281.71890673502
2276 -30390.31429640175
2277 -30493.02882076689
2278 -30540.06929237723
2279 -30568.92179216134
2280 -30608.69391126241
2281 -30661.1614796397
2282 -30732.67583122118
2283 -30831.94493619987
2284 -30978.70930110147
2285 -31208.41778879102
2286 -31397.33287626939
2287 -31531.04582069503
2288 -31673.16760414034
2289 -31801.51281863621
2290 -32013.17972798072
2291 -32340.73609752613
2292 -32811.07345459653
2293 -33512.51620473994
2294 -33582.95787293306
2295 -33635.19032892747
2296 -33702.22012324493
2297 -33791.03839275704
2298 -33910.8315699811
2299 -34075.33169589396
2300 -34232.71358890343
2301 -34454.8228840107
2302 -34771.9615159378
2303 -35225.17150084819
2304 -35358.21064131031
2305 -35454.05964609716
2306 -35585.10903718057
2307 -35667.77374727621
2308 -35760.07560705598
2309 -35762.12905825424
2310 -35750.77850055036
2311 -35737.40309623511
2312 -35719.91308218939
2313 -35698.45501607676
2314 -35718.11856587651
2315 -35778.9599232425
2316 -35771.91713161573
2317 -35768.16498162445
2318 -35763.80107712265
2319 -35758.38908890839
2320 -35751.69328162857
2321 -35742.48209422389
2322 -35731.09556056342
2323 -35717.04094409401
2324 -35699.48250538608
2325 -35679.02868756948
2326 -35735.8962657321
2327 -35815.11322689394
2328 -35924.3951814281
2329 -36080.63731983792
2330 -36263.6818714742
2331 -36398.47806796605
2332 -36542.84451546839
2333 -36747.80979637873
2334 -37032.86984192831
2335 -37123.70572413677
2336 -37165.71473465331
2337 -37221.04194849621
2338 -37295.19638849264
2339 -37359.55428936607
2340 -37423.88016913317
2341 -37506.60530202748
2342 -37618.25387017478
2343 -37772.75801197188
2344 -37989.67166309281
2345 -38218.08049058459
2346 -38513.01346089802
2347 -38597.35317963515
2348 -38634.37751220721
2349 -38684.26959736118
2350 -38751.74266142138
2351 -38801.95213224602
2352 -38851.83026678682
2353 -38918.09764004749
2354 -39004.88362399567
2355 -39121.09391681514
2356 -39281.70778482203
2357 -39505.17286928331
2358 -39795.98727040947
2359 -40188.15204915465
2360 -40583.57928247253
2361 -41020.04428916485
2362 -41668.13205191872
2363 -42682.45849784099
2364 -42763.28734654066
2365 -42839.14407590443
2366 -42948.04935375671
2367 -43117.74778788241
2368 -43358.6264318004
2369 -43598.98435955434
2370 -43835.36912711193
2371 -44162.06810528824
2372 -44233.14964288818
2373 -44226.68194570236
2374 -44248.29560841554
2375 -44275.57490717323
2376 -44325.17078647594
2377 -44402.4567115565
2378 -44516.99010872203
2379 -44685.5219510311
2380 -44932.64141274888
2381 -45258.86015664286
2382 -45604.75269656956
2383 -45932.08893588187
2384 -46383.80562714284
2385 -47046.83856786356
2386 -48030.44469445577
2387 -48132.10547266887
2388 -48134.66582432119
2389 -48208.00058978334
2390 -48184.63584618851
2391 -48186.84160780169
2392 -48193.074790793
2393 -48201.18948792738
2394 -48215.43382378708
2395 -48234.34961225095
2396 -48261.14570251056
2397 -48299.33846977168
2398 -48353.60939183464
2399 -48430.49057941513
2400 -48539.22606198164
