"cx-rfile"
"Iteration" "cx"
("Iteration" "cx")
1 3.736492441393179
2 3.556404922100616
3 3.49704930409774
4 3.488414938027532
5 3.467795337912632
6 3.381420821944423
7 3.270867577509011
8 3.142380392861334
9 3.006739735676583
10 2.869712588127954
11 2.730933036626941
12 2.595731323747899
13 2.465432111201462
14 2.339546781930961
15 2.223163412880107
16 2.117761454769334
17 2.024768407475085
18 1.942938476851103
19 1.871446373810025
20 1.808997364042553
21 1.753457961150249
22 1.705014806544611
23 1.663286291596164
24 1.628343476278931
25 1.599760387197197
26 1.577339052318715
27 1.560803252687212
28 1.54987546999047
29 1.543654870905016
30 1.541554096190766
31 1.543035715507609
32 1.547453730254906
33 1.554155879335191
34 1.562278965823536
35 1.570938420391266
36 1.579598042992394
37 1.587940814733248
38 1.59559887295984
39 1.602421727785747
40 1.608589121830349
41 1.614306159632821
42 1.619513127078138
43 1.624206416704108
44 1.628382137479756
45 1.631964050913573
46 1.63502748385253
47 1.637898063576234
48 1.640128240002984
49 1.641375507742135
50 1.64212622676649
51 1.642461875055273
52 1.642519451530232
53 1.642395544952297
54 1.642021637658874
55 1.641378661179172
56 1.640413816086278
57 1.639216263558234
58 1.637684946604916
59 1.635806106451849
60 1.633711714894144
61 1.631529278861975
62 1.629245928552327
63 1.62690497210855
64 1.624551223939466
65 1.622085235873032
66 1.619463481195102
67 1.616575864682471
68 1.61350847801893
69 1.610372139855186
70 1.607194940639621
71 1.603910234812775
72 1.600590361090771
73 1.597279120833587
74 1.593891944442322
75 1.590410270313682
76 1.586734001879495
77 1.583143621038719
78 1.579647537001665
79 1.576335689222202
80 1.573041249637702
81 1.569800298158384
82 1.566742556227678
83 1.563904956970849
84 1.561305146785889
85 1.559043022388216
86 1.557027001952725
87 1.555253298307093
88 1.553661094829153
89 1.552084036492271
90 1.550420616609111
91 1.548602196158991
92 1.546615539835871
93 1.544476281047104
94 1.542246694828141
95 1.54002797741772
96 1.537872971521435
97 1.535853816626804
98 1.533980706358222
99 1.532199713295312
100 1.530541232157028
101 1.528968227088082
102 1.527409632456961
103 1.525889098353953
104 1.524389047354819
105 1.523049895942306
106 1.521765493486787
107 1.520461919550048
108 1.519286638107466
109 1.518348478832146
110 1.517540744004773
111 1.516885408728517
112 1.516366831421675
113 1.516028661902372
114 1.51579650908114
115 1.515744326182355
116 1.515928845941119
117 1.516292977726265
118 1.51671670372557
119 1.517176792712196
120 1.517664063561102
121 1.518244235565545
122 1.518891330513731
123 1.519561645243338
124 1.520183930852752
125 1.520664839488645
126 1.520951274154446
127 1.521059262899005
128 1.52102055338763
129 1.520784948984115
130 1.520345387742761
131 1.519728182656483
132 1.51889706966313
133 1.517915631636166
134 1.516762736335154
135 1.515393023496034
136 1.51389204133487
137 1.512226578643884
138 1.510389475206978
139 1.508437428543675
140 1.506368834423314
141 1.504195477999379
142 1.501948889556362
143 1.49973091641418
144 1.497559656173658
145 1.495424974161295
146 1.493349821655514
147 1.49133727172208
148 1.489311362421581
149 1.487205015441885
150 1.485012519693689
151 1.482720629914485
152 1.480362645389847
153 1.477955259869171
154 1.4754800119328
155 1.472923994461279
156 1.470311760851786
157 1.467649126619402
158 1.464916236494333
159 1.462109457739786
160 1.459244908877882
161 1.456347119201945
162 1.453390799202361
163 1.450447696525441
164 1.447552366992941
165 1.44473128648678
166 1.442022326429954
167 1.439445648650243
168 1.437051719934342
169 1.434867800618187
170 1.432908404949978
171 1.431201211168946
172 1.429693514585698
173 1.428422288060819
174 1.427340220379738
175 1.426441412210654
176 1.425730633822101
177 1.42524776102104
178 1.424935905504554
179 1.424734382322272
180 1.424605735033664
181 1.42454266388737
182 1.424594351561334
183 1.424722700379664
184 1.424930344384667
185 1.425186196093639
186 1.425397330874769
187 1.425605524366123
188 1.425804682334163
189 1.426006343416191
190 1.426192033470373
191 1.426394237432757
192 1.42661380201375
193 1.42682326165503
194 1.427043299764345
195 1.427264968058113
196 1.4274833509356
197 1.427691968570257
198 1.42786887567479
199 1.427971848705272
200 1.428010760969493
201 1.427992138698237
202 1.427950259707332
203 1.427853555946946
204 1.427711918242591
205 1.427509912067509
206 1.427247313262494
207 1.426943062801674
208 1.426594278761103
209 1.426201440829086
210 1.425800701696408
211 1.425378672017329
212 1.424949254167753
213 1.424503726934352
214 1.424049740676618
215 1.423587947362474
216 1.423122083197253
217 1.422657714394896
218 1.42221614423064
219 1.421848421101408
220 1.42153007034412
221 1.421267108972325
222 1.421075527433898
223 1.420948051944022
224 1.420898303780769
225 1.420934190228932
226 1.42105732584011
227 1.421269326152063
228 1.421570808457096
229 1.42196385581522
230 1.422418940375159
231 1.42290988727212
232 1.423435815178524
233 1.423985419574859
234 1.424552157496007
235 1.425118517199082
236 1.425687756032442
237 1.426257901344139
238 1.426814961918082
239 1.427389145133419
240 1.427983840198715
241 1.428594965780927
242 1.429224887943725
243 1.429854163802933
244 1.430499146641215
245 1.431142789137084
246 1.431782520693196
247 1.432420692346106
248 1.433039289841412
249 1.433622792790491
250 1.434169211840543
251 1.434667487544482
252 1.435110891492363
253 1.435490513019899
254 1.435807874864979
255 1.436050419877207
256 1.436212097621908
257 1.436301779212494
258 1.43631637813562
259 1.436251053240503
260 1.436118317351797
261 1.435918849552296
262 1.435653470846543
263 1.435309034744969
264 1.434907626461625
265 1.43446978593446
266 1.434015958744279
267 1.433560615914827
268 1.43310591662099
269 1.432668229358525
270 1.432246663588868
271 1.431835274129561
272 1.431442026114872
273 1.431072941951356
274 1.430744016477767
275 1.430445162902813
276 1.430172685649086
277 1.429929629419171
278 1.429706096159138
279 1.42948913315789
280 1.429280045249437
281 1.429077785129734
282 1.428883456424269
283 1.428686797383034
284 1.428488703533694
285 1.428302415768077
286 1.428120034942101
287 1.427946929504214
288 1.427779933568491
289 1.427620399560726
290 1.42747484089952
291 1.427323727406487
292 1.427170623543537
293 1.427026863623098
294 1.426889361076876
295 1.426747755209511
296 1.426596044728189
297 1.426425104547461
298 1.426239711356565
299 1.426010275180359
300 1.425747485339116
301 1.425442469628867
302 1.425092108519751
303 1.424698851466278
304 1.424264809700619
305 1.423781357338491
306 1.423261558676813
307 1.422711722877674
308 1.422137625194628
309 1.421531224881477
310 1.420899496304977
311 1.420223651681983
312 1.419509880155089
313 1.418764892170008
314 1.417980132618086
315 1.417183204831742
316 1.416399123861987
317 1.415628044062883
318 1.414889531618261
319 1.414179060262612
320 1.413486633445593
321 1.41282713892811
322 1.412206928071769
323 1.411630089019172
324 1.411082766624171
325 1.410558392170261
326 1.410067865112494
327 1.409603072116116
328 1.409166922556476
329 1.408735786847413
330 1.408320708472759
331 1.407925503706803
332 1.407570771382435
333 1.407195148408472
334 1.406829080071325
335 1.406465157751479
336 1.406096953957973
337 1.405738008244669
338 1.405391301984561
339 1.405062995694887
340 1.40475595133361
341 1.404462797120438
342 1.40417207450862
343 1.403875206779154
344 1.403569504777552
345 1.403244933717684
346 1.402895944998552
347 1.40252477004789
348 1.402140232343341
349 1.401723301594711
350 1.401277237442016
351 1.400802016106207
352 1.400302576439031
353 1.399775680483779
354 1.399242358063966
355 1.398696923905321
356 1.398153073524279
357 1.397604146138105
358 1.397044211589576
359 1.396474986555631
360 1.395890603457236
361 1.395296642540961
362 1.394685998186425
363 1.394068766256715
364 1.393457344347032
365 1.392843141695357
366 1.392219056369315
367 1.391593826067516
368 1.390987436021755
369 1.390384747936829
370 1.389791660801042
371 1.389195648782502
372 1.388597972392285
373 1.388005203375057
374 1.387433907983214
375 1.386867781448225
376 1.386300322802869
377 1.385748229230409
378 1.385198822216305
379 1.384649328272801
380 1.384115830628261
381 1.383591397300854
382 1.383078614812427
383 1.382559598974968
384 1.38204715538093
385 1.38154346746731
386 1.38104748168141
387 1.380556885243127
388 1.380063330963087
389 1.37957302482323
390 1.379094907134956
391 1.378619361092362
392 1.378144618027218
393 1.377667227807194
394 1.377181520256546
395 1.376705907015985
396 1.376237558142931
397 1.375780806841133
398 1.375339590537912
399 1.374911141365528
400 1.374488447467418
401 1.374070144599928
402 1.373663085528246
403 1.373263255296774
404 1.372860512204843
405 1.372457861470428
406 1.372066356987657
407 1.371698491990087
408 1.371344305751652
409 1.370995902856575
410 1.370642854092875
411 1.370285031666132
412 1.369919468331083
413 1.369547097388804
414 1.369175174037565
415 1.368798651055954
416 1.36841631082459
417 1.368030671007536
418 1.367647695256043
419 1.36726627459809
420 1.366876537197425
421 1.366487226046264
422 1.366109426726225
423 1.365740262313373
424 1.365379347097296
425 1.365024831636136
426 1.364689758829816
427 1.364368178046462
428 1.364056619665602
429 1.363758799339446
430 1.363468320527328
431 1.36318238180266
432 1.362911579320327
433 1.362656210990055
434 1.36241089494825
435 1.362180048090964
436 1.361965207625062
437 1.361757319882336
438 1.36156504953763
439 1.361382851057151
440 1.361211893097929
441 1.361053660477961
442 1.360902682442239
443 1.36075857750953
444 1.360622576210523
445 1.360490330712548
446 1.36035758329901
447 1.360218872482851
448 1.36008735139703
449 1.359948810059668
450 1.35980978500854
451 1.359675298664486
452 1.359530604647706
453 1.359378817104288
454 1.359226843901437
455 1.359075135889305
456 1.358920569156592
457 1.358764913563644
458 1.358620311650558
459 1.35848234832166
460 1.358346571983833
461 1.358213335096979
462 1.358079506796274
463 1.357952137923771
464 1.357831808939697
465 1.357712156019323
466 1.357588568940163
467 1.357445383356374
468 1.35729744166294
469 1.357141041151977
470 1.356988813828889
471 1.356841261797382
472 1.356706726684684
473 1.356581108434451
474 1.356464814418732
475 1.356358897307776
476 1.356267387380827
477 1.35618451466121
478 1.356116072094653
479 1.356053572834834
480 1.355996340895581
481 1.355943486010637
482 1.355910349007418
483 1.355896376967874
484 1.355890905862185
485 1.355939527388443
486 1.355954578786569
487 1.355971057611858
488 1.355987276648053
489 1.35600678849608
490 1.35602291221967
491 1.356043921023623
492 1.356080988297973
493 1.356127626495857
494 1.356180501554346
495 1.356232102337469
496 1.356276422920534
497 1.356340537990093
498 1.356414336504436
499 1.356482738071867
500 1.356536287641418
