"report-def-0-rfile"
"Iteration" "report-def-0"
("Iteration" "report-def-0")
1 198268.6415273182
2 165176.7406673048
3 155468.6433817438
4 142719.6912811284
5 131340.8145280265
6 121636.1167835807
7 112985.3386004496
8 104910.9811871941
9 96903.21962415386
10 89317.51968411131
11 82143.89631685674
12 75344.49838032715
13 69105.32041337124
14 63460.65780681276
15 58463.89552004183
16 54108.38662207594
17 50244.72430432065
18 46874.59713495459
19 43975.35977132059
20 41506.45181636844
21 39439.74084893461
22 37773.16727375579
23 36465.2539659447
24 35457.49511921497
25 34728.20517228688
26 34263.59585030737
27 34029.77384727667
28 33960.21959708792
29 34041.87870606792
30 34248.22552831251
31 34555.60441834227
32 34937.7442191329
33 35362.25795355059
34 35800.90543206101
35 36240.5260643287
36 36661.69389286666
37 37061.96409883678
38 37447.19137869177
39 37808.43216466618
40 38147.62269801262
41 38460.51595313367
42 38749.81651686844
43 39004.01420091705
44 39240.38313786419
45 39476.54651437338
46 39715.74111703243
47 39952.03103179251
48 40171.07029833185
49 40379.09961017531
50 40568.97507248517
51 40731.06634938881
52 40857.49866373863
53 40949.48904284277
54 41010.41065928622
55 41042.89032189805
56 41047.84482728978
57 41028.84219587738
58 40990.42987408477
59 40944.29660779869
60 40892.0328560409
61 40840.32491358186
62 40792.27878089338
63 40760.19486955076
64 40749.05597195266
65 40764.27325114089
66 40807.73684423435
67 40880.07308662012
68 40983.16759244729
69 41116.43889149052
70 41284.6354922223
71 41477.96475308893
72 41700.24558371805
73 41944.77121411741
74 42204.70990686371
75 42476.76912195882
76 42754.83225716843
77 43036.12742926712
78 43316.58440861933
79 43594.97301468253
80 43870.37743133155
81 44142.38922774918
82 44404.69444440917
83 44651.08880278598
84 44875.35999279498
85 45070.72352482129
86 45234.67553267448
87 45363.7191939161
88 45456.1429209223
89 45507.70391736743
90 45513.20444693816
91 45472.25528043997
92 45384.3493760558
93 45250.98476301056
94 45074.79860108277
95 44856.34055578528
96 44605.67185142155
97 44332.97463057217
98 44043.70822767398
99 43739.67324086632
100 43438.87862695457
101 43140.40245387241
102 42840.84872496445
103 42549.61081217515
104 42269.08208065624
105 41998.97240208241
106 41743.79074077353
107 41503.55006513277
108 41276.52449526377
109 41075.42488943302
110 40898.25110088888
111 40738.7408244591
112 40602.8880590565
113 40479.84094833429
114 40376.33777218332
115 40302.02954902023
116 40254.52623788951
117 40218.06759705485
118 40199.33637526026
119 40196.15141805504
120 40209.11869508054
121 40231.58942928642
122 40266.78405872354
123 40316.90430148689
124 40382.15708647622
125 40459.76526992289
126 40543.9670230304
127 40632.49467346242
128 40725.73643339249
129 40823.51913398106
130 40924.78980312596
131 41028.54962819679
132 41134.21802796303
133 41239.63849985258
134 41342.62143778785
135 41438.08917812283
136 41524.76297008133
137 41601.32743640096
138 41664.31950715289
139 41712.48763630695
140 41744.92233484804
141 41761.05533752868
142 41759.97574394883
143 41742.58928288663
144 41705.32409127979
145 41650.26168785214
146 41579.8809251107
147 41494.38142985816
148 41397.78486170667
149 41289.41180651146
150 41171.61540921743
151 41045.40207395094
152 40914.00733816782
153 40780.52941225185
154 40647.01852664001
155 40515.24465772858
156 40386.92334536398
157 40263.28939687192
158 40145.52475945996
159 40033.06401171222
160 39926.85124522824
161 39828.63842963813
162 39738.34897704184
163 39654.99662563355
164 39581.49940141511
165 39516.79239231305
166 39459.88162299758
167 39409.39504018566
168 39364.70743402556
169 39325.43921504245
170 39291.50839400874
171 39262.85693981877
172 39240.10522304884
173 39223.55299188793
174 39213.52877079017
175 39209.65344640276
176 39212.42448552497
177 39221.72327056074
178 39236.97196855947
179 39257.6977541973
180 39283.7366926563
181 39314.56477307882
182 39350.87592379326
183 39392.23972583238
184 39438.1434442996
185 39487.55333306472
186 39539.49586045508
187 39592.66593150038
188 39646.06369966995
189 39698.35560085074
190 39748.0296591277
191 39793.52962608391
192 39834.5442999338
193 39869.7633731501
194 39898.77548394749
195 39920.74275986379
196 39936.13168061716
197 39945.17628984476
198 39948.51210086582
199 39946.69801232361
200 39939.81575401816
201 39927.76412377295
202 39910.63222808919
203 39888.78786600747
204 39863.48205575996
205 39835.23106312841
206 39805.3132889658
207 39774.46226091663
208 39742.72269114217
209 39709.8926182033
210 39677.06575865779
211 39644.87942880535
212 39614.24081228399
213 39585.05175211842
214 39557.46587697016
215 39531.3110303719
216 39505.84294928255
217 39480.50265656009
218 39454.75250529766
219 39426.99424462111
220 39396.54517526483
221 39363.38598994791
222 39328.04193381107
223 39290.78861529768
224 39251.7957700364
225 39211.28693606873
226 39169.56980491674
227 39127.05234113664
228 39084.28309511701
229 39041.26959585272
230 38997.83676561048
231 38954.38016016065
232 38911.63110465254
233 38870.18227789959
234 38830.54351650618
235 38792.90548799395
236 38757.73442350357
237 38725.18291219905
238 38695.89175045613
239 38669.51104212846
240 38646.27270290037
241 38626.02073583305
242 38609.07354008173
243 38594.31688490153
244 38582.63730174863
245 38574.41584627578
246 38569.80107693858
247 38567.69845393205
248 38567.37883719808
249 38568.15489527436
250 38570.01128587411
251 38572.53946684274
252 38575.77396076023
253 38579.14995303452
254 38582.15077924225
255 38583.6555631591
256 38583.95859180242
257 38582.74235791
258 38580.04781767544
259 38575.56447528414
260 38569.47003247932
261 38561.47070324815
262 38551.35421119847
263 38539.10974907203
264 38525.24985878684
265 38509.67461065007
266 38492.56411150747
267 38474.02713564283
268 38454.58229782017
269 38434.17720980487
270 38412.78169798372
271 38390.44483647167
272 38367.81645666235
273 38344.74681233335
274 38321.30729672914
275 38296.05017315983
276 38267.62546025832
277 38237.76345637633
278 38207.22360770513
279 38175.85580179006
280 38143.78361834039
281 38110.83019884514
282 38077.69760305605
283 38044.66683876428
284 38011.99991030521
285 37979.0136112749
286 37946.07683683344
287 37911.2646844089
288 37874.88991989039
289 37837.31997439225
290 37798.99682424247
291 37759.94464116336
292 37720.60243279671
293 37681.22804715614
294 37642.26519300404
295 37603.9035892696
296 37566.70124423029
297 37530.97140413686
298 37497.44020366819
299 37466.83390294154
300 37439.63052624636
301 37415.72865666178
302 37395.29790276664
303 37377.60921322314
304 37362.52690244212
305 37349.61000582561
306 37338.65125369332
307 37328.91951710763
308 37320.66878619287
309 37313.57244739798
310 37307.62627741632
311 37303.21862730713
312 37300.54531739654
313 37298.63672391106
314 37296.47399630019
315 37294.31630464582
316 37292.65042934208
317 37291.23813165157
318 37289.98928012281
319 37288.62368522717
320 37286.82706241679
321 37284.3273897508
322 37280.74404253349
323 37275.61112550097
324 37268.54232024589
325 37259.19345580386
326 37247.49142086871
327 37232.80057949895
328 37214.95675605067
329 37193.88926987794
330 37169.82355433133
331 37142.56394462828
332 37113.20642058864
333 37082.01281875785
334 37049.37660398416
335 37015.40629966461
336 36980.2528191772
337 36944.23560350778
338 36907.55536004899
339 36870.37383026384
340 36833.20455360232
341 36796.21698572771
342 36759.96853810122
343 36724.55928678295
344 36690.35994423893
345 36657.38911323688
346 36626.15660087711
347 36596.62672336651
348 36569.02913794244
349 36543.3116171779
350 36519.60051726913
351 36498.08168458579
352 36479.23974429168
353 36463.06710206271
354 36449.72078915477
355 36438.74337941752
356 36430.21270208408
357 36424.01741072601
358 36419.89648169398
359 36417.66689076761
360 36417.44230211052
361 36417.09109408263
362 36414.1791129549
363 36411.74703345404
364 36410.87634345011
365 36411.71286342511
366 36414.64483897985
367 36419.01997901987
368 36423.52764776213
369 36426.75303365337
370 36427.94241012332
371 36427.09742155253
372 36424.6963231897
373 36420.7861780614
374 36415.71636595818
375 36409.81432120778
376 36403.68667297107
377 36397.76012727308
378 36392.85740839227
379 36389.08196086624
380 36386.86824449313
381 36386.01046960407
382 36386.31268919065
383 36387.76876316935
384 36390.44914076396
385 36394.03708935314
386 36398.30445029886
387 36402.57284263512
388 36406.60167466773
389 36410.00386291734
390 36412.60873661232
391 36414.31392595751
392 36415.26089300645
393 36415.5019676513
394 36415.5009188867
395 36415.32833522135
396 36415.02030385233
397 36414.9679455639
398 36414.73245091577
399 36413.97765725316
400 36412.71501152095
401 36410.78192707602
402 36407.326218099
403 36401.27638456345
404 36390.76418111487
405 36376.15909764802
406 36359.76504344831
407 36344.38142208037
408 36334.81825251733
409 36338.80687589044
410 36367.91014896244
411 36439.59150862817
412 36579.68756731329
413 36824.66893756703
414 37222.53867799048
415 37835.23848021982
416 38739.34299826466
417 40024.54987169871
418 41791.27638962073
419 44132.59219724354
420 47136.49007724237
421 50882.34338802487
422 55418.80308254641
423 60738.4146944157
424 66804.99521192649
425 73518.0413909995
426 80697.50098825003
427 88130.06052159327
428 95589.9869238481
429 102798.5049926477
430 109497.3379346988
431 115430.5894868817
432 120378.9986532365
433 124170.0998767642
434 126686.0504310952
435 127882.1566282264
436 127712.6542651757
437 126250.6651971425
438 123515.5813380145
439 119555.1689120489
440 114471.6323177276
441 108390.9632277515
442 101383.9432970686
443 93517.96131566353
444 84898.56645773197
445 75685.24751285133
446 66045.53114492387
447 56188.02311257324
448 46323.78581274315
449 36688.12510223409
450 27485.69198433893
451 18929.46733631123
452 11256.86062295106
453 4541.941576876099
454 -1165.822608334608
455 -5797.490557418091
456 -9395.784945280928
457 -11884.88236757909
458 -13248.70893406284
459 -13510.14497892264
460 -12814.03927516781
461 -11201.35917577056
462 -8612.605476450406
463 -5154.808773405141
464 -923.9250668342906
465 4079.510079285841
466 9845.26001719572
467 16367.9078891062
468 23607.48004261068
469 31592.1234037052
470 40271.73322407679
471 49457.38767169239
472 59021.6615662625
473 69033.77791860497
474 79737.73189097003
475 91409.72199762336
476 104536.2664021484
477 119415.217677692
478 135980.3464004922
479 153938.5806375375
480 172861.0332515392
481 192177.2326177513
482 211359.6082508105
483 229791.9017341472
484 246877.2847479082
485 262082.4269642189
486 274989.3979399726
487 285191.2893122933
488 292560.3789051229
489 296783.0217757255
490 297668.3620155802
491 294119.2211971459
492 280191.0394092145
493 255776.4765765912
494 227323.0755066444
495 201444.7831802823
496 176877.9803853363
497 154764.62850588
498 135617.6982361078
499 119774.9673069562
500 107062.4727681406
501 96979.66702129455
502 89112.70570970872
503 82879.49225349475
504 77841.96587101222
505 73673.50035186669
506 70107.29647514725
507 66992.0964275858
508 64186.6908081002
509 61600.22614746694
510 59183.06864560478
511 56814.65061044787
512 54506.70996250216
513 52153.04508921923
514 49765.45483960671
515 47358.56863122127
516 44851.86874460559
517 42212.93681754055
518 39465.33605482914
519 36588.89525549586
520 33637.90040829319
521 30657.44158798799
522 27688.58976473115
523 24777.46302778854
524 21964.81656777172
525 19300.98451210442
526 16856.56321028253
527 14649.07535149309
528 12713.53602525246
529 11078.16732916737
530 9745.151696878174
531 8722.953993756453
532 8009.017362951293
533 7607.606150419228
534 7507.889046102575
535 7713.827047000897
536 8205.875062509265
537 8980.624631687366
538 10025.89605729219
539 11327.03325945894
540 12869.91157389252
541 14627.33456020227
542 16557.99130635763
543 18633.21840698193
544 20824.24003016202
545 23121.87369714175
546 25528.99870165546
547 28069.24920608215
548 30718.39621058965
549 33448.03527464782
550 36250.07268422287
551 39099.85059194676
552 42014.2319965913
553 45002.68526182851
554 48105.45478125881
555 51398.1327464049
556 54961.83486604842
557 58794.94208757537
558 62875.89443800657
559 67167.44041155283
560 71633.24988051607
561 76137.89411987296
562 80561.33576473095
563 84781.88886130862
564 88696.16652858266
565 92241.50834436071
566 95384.77581963225
567 98115.83950255463
568 100424.5563395999
569 102323.001542556
570 103870.3694295124
571 105101.9974651548
572 106040.0227528203
573 106667.3472043801
574 106946.4848613133
575 106856.4982893457
576 106448.343413498
577 105861.1511427822
578 105214.0460370367
579 104592.5508190068
580 104028.8005912027
581 103522.2896687171
582 103058.3577776115
583 102620.0700624237
584 102200.0303444996
585 101799.8925138255
586 101414.2206510663
587 101035.9989213251
588 100645.1093115682
589 100222.3621953274
590 99768.63033518617
591 99270.10405769569
592 98716.59659824797
593 98098.4185109292
594 97408.40107993095
595 96641.84277136646
596 95796.68457431691
597 94874.91505479423
598 93881.18631769372
599 92820.62306075488
600 91702.82432059543
601 90536.53836212537
602 89331.73161998126
603 88100.38373945844
604 86852.81642700353
605 85600.79359969805
606 84353.26934480632
607 83117.37585290034
608 81908.27055658556
609 80726.21298305083
610 79574.36400500103
611 78456.60613134329
612 77380.54544724547
613 76350.17196207181
614 75378.40712761204
615 74470.90676201513
616 73633.77587299557
617 72874.49460988904
618 72193.67731048925
619 71592.41944035077
620 71071.96143064559
621 70631.24802768376
622 70267.83113146362
623 69978.50469964137
624 69755.79514908913
625 69601.10942310769
626 69513.45891683792
627 69489.5664046989
628 69514.21426690702
629 69575.9101248938
630 69673.29821380055
631 69798.42657154851
632 69943.3339597473
633 70102.49732584358
634 70271.74993038284
635 70435.40314746331
636 70580.74442372416
637 70702.59465619484
638 70787.43087744204
639 70832.49881718602
640 70838.59272932072
641 70805.32160413163
642 70734.17988010707
643 70626.1425703494
644 70482.50973779539
645 70305.04522801431
646 70104.19628154959
647 69890.32270407054
648 69660.59839939025
649 69424.87783924848
650 69187.01120774106
651 68950.51415376696
652 68725.37625455245
653 68513.08547421986
654 68319.77038913073
655 68152.81000154078
656 68016.98412638571
657 67910.84115590451
658 67834.72751607631
659 67797.82159480343
660 67797.71527293291
661 67829.82666472977
662 67896.6513962801
663 67992.68368860865
664 68114.15981543994
665 68260.57844724842
666 68428.44947505
667 68613.6272815454
668 68814.93734523398
669 69031.75323193848
670 69264.89501946073
671 69516.02240590085
672 69786.4754447575
673 70073.21673039575
674 70374.49543934551
675 70685.47877632592
676 71000.49572019182
677 71316.68806809152
678 71627.78113372001
679 71933.78013641972
680 72235.35059525903
681 72528.24717478991
682 72810.74726544875
683 73081.72120527252
684 73340.93037225615
685 73589.06967948098
686 73824.89779502306
687 74048.56015923969
688 74261.81121569229
689 74469.05187734097
690 74672.0643208527
691 74875.20310760684
692 75080.39261607602
693 75290.76546115291
694 75507.66580040328
695 75734.79898925172
696 75974.66963077549
697 76228.78197079319
698 76499.72489769703
699 76789.64557918918
700 77100.2539079555
701 77432.22480510507
702 77785.8136345705
703 78158.66023105281
704 78550.91786114959
705 78961.175363035
706 79387.78351609885
707 79831.41417975392
708 80291.58631286121
709 80767.62665578729
710 81257.51580758046
711 81759.6005282285
712 82271.55598410152
713 82788.57496325359
714 83306.61270068646
715 83820.00269275828
716 84326.24856388339
717 84818.4497860797
718 85288.07355684627
719 85730.56824282615
720 86142.92556070299
721 86520.89360343921
722 86859.89806511822
723 87155.06092156263
724 87403.07853589428
725 87601.79912469038
726 87743.09184244317
727 87823.96862817218
728 87838.95917043999
729 87785.40326194937
730 87658.7346511658
731 87458.3940355753
732 87183.9226300952
733 86836.79888998679
734 86416.83277382472
735 85923.40701623083
736 85360.52819425157
737 84731.45736322418
738 84039.91096133681
739 83292.15847802152
740 82495.53000774908
741 81657.53571438124
742 80783.96116752819
743 79878.72862800177
744 78950.46008213011
745 78006.79359395042
746 77053.39057423604
747 76095.82973444356
748 75140.51078868861
749 74191.70063494802
750 73252.18496741499
751 72326.09899807285
752 71415.93644499053
753 70523.61030761238
754 69653.89863285769
755 68808.95206230351
756 67991.74274745458
757 67208.46945717785
758 66461.46402916036
759 65753.02703157238
760 65086.23796054815
761 64468.02893352482
762 63896.94249829281
763 63375.27922006819
764 62902.70531022562
765 62482.54255786405
766 62117.86704638799
767 61806.77892604108
768 61550.1405111642
769 61348.31839794817
770 61201.20096013168
771 61109.34893415426
772 61075.54216182749
773 61100.40495583513
774 61186.16445778905
775 61339.16091843493
776 61562.96706455986
777 61864.55362675922
778 62254.14561180319
779 62739.15170768798
780 63333.22462437579
781 64049.18148054262
782 64890.9271017092
783 65853.92383970167
784 66928.64565132155
785 68101.0307617483
786 69354.51276124654
787 70675.97032789404
788 72048.72059342716
789 73447.9218626634
790 74857.5858120708
791 76266.45328644985
792 77659.27393663239
793 79022.40544909955
794 80342.93621722954
795 81609.41273960425
796 82810.14595556349
797 83938.08791025484
798 84986.14326861432
799 85947.28385749756
800 86818.38154759954
