"report-def-0-rfile"
"Iteration" "drag"
("Iteration" "drag")
1 1.803669773125216
2 1.613035916842401
3 1.528789796710429
4 1.484507505978159
5 1.466401390595379
6 1.438521656457665
7 1.39918725915905
8 1.353171502202019
9 1.30748604706229
10 1.263439969065521
11 1.22077512882389
12 1.181330619158477
13 1.145517263160634
14 1.110603412870388
15 1.076338497328563
16 1.04402846297645
17 1.014000771352672
18 0.9867096152559239
19 0.9621418130787697
20 0.9401072125520403
21 0.9215052750658114
22 0.9040196589114881
23 0.886533112985078
24 0.8697688642364747
25 0.8537359177701722
26 0.8384717796772391
27 0.8245967491555019
28 0.8135826648728639
29 0.8050747705098132
30 0.7990486557790155
31 0.7933409028021959
32 0.7882226426798299
33 0.7836134956414944
34 0.780751109843108
35 0.7801719144085103
36 0.7918891656193184
37 0.8110466292856935
38 0.8100836659945282
39 0.8103199372465394
40 0.8029113377221231
41 0.7983571328722781
42 0.7943898870862209
43 0.7892705260159165
44 0.7840852258922952
45 0.7813451545380552
46 0.7793258940288413
47 0.7701746518387826
48 0.7673670309155437
49 0.7657199896209136
50 0.7632580587456623
51 0.7609071448579862
52 0.758136681510275
53 0.7531125423462737
54 0.744636879729432
55 0.7370058299191784
56 0.725583901656024
57 0.7154790542292881
58 0.7105956646594387
59 0.711753309225549
60 0.7150694136085829
61 0.7193939700349432
62 0.7238679001920779
63 0.7284195414299725
64 0.7363730947927347
65 0.7445234138103521
66 0.754280733567164
67 0.7560893129254268
68 0.7628587904710756
69 0.7626194851349771
70 0.7633075495198267
71 0.7633467221867909
72 0.7628888050526367
73 0.7633103147144003
74 0.7647613014877769
75 0.7667201745894908
76 0.7685498426708122
77 0.7699533244151281
78 0.7713505237936896
79 0.773095921311247
80 0.7770577141853152
81 0.774298405967094
82 0.7709769011980642
83 0.77090641926599
84 0.7715186236150396
85 0.7712204369240377
86 0.769980831450673
87 0.7687102483644476
88 0.7672791010269674
89 0.766078332160662
90 0.7649502503099449
91 0.7638004851528883
92 0.7627460358898186
93 0.7614647568859112
94 0.7597054329767358
95 0.7576599025590426
96 0.7557440866367883
97 0.7537726143115696
98 0.7522827845320201
99 0.7511967366890283
100 0.7502650014882664
101 0.7494079631595719
102 0.7486281595465575
103 0.747863701006826
104 0.7471136146860922
105 0.7461648490483301
106 0.7449592358586907
107 0.7438628851587237
108 0.7432153391030435
109 0.7428753816410369
110 0.7426551551102669
111 0.7423582922182397
112 0.7417727208460564
113 0.7408964902298159
114 0.7398566806993258
115 0.7388214984261947
116 0.7376957772566247
117 0.7365836474278968
118 0.7360782128210948
119 0.7361072181728551
120 0.7361305924859123
121 0.7361617366455259
122 0.7356569790075429
123 0.7351791517680358
124 0.7346942067532973
125 0.7340787006071352
126 0.7335147092547815
127 0.7331212621178521
128 0.7330369407449995
129 0.7330665786960735
130 0.7330471068814363
131 0.7324294113676172
132 0.7314169925026985
133 0.730285255486508
134 0.7287444280191722
135 0.7268471884281859
136 0.7249793751076234
137 0.7231876579084275
138 0.721480664703571
139 0.7198622104676734
140 0.7182777929178139
141 0.7166990652221201
142 0.7150746119519168
143 0.7133932770172713
144 0.7117370033420256
145 0.7101932415698217
146 0.7088270058537943
147 0.7076541265770558
148 0.7065627772056591
149 0.7055798526001418
150 0.7045770230124052
151 0.7035675363091245
152 0.7024202105805252
153 0.7013994141626961
154 0.70059601277993
155 0.6995415903280345
156 0.6982338054671999
157 0.6971453558978462
158 0.6960411967113007
159 0.6950472078931976
160 0.6941511456979651
161 0.6932238127995581
162 0.6921981847580806
163 0.6910917387166312
164 0.6898907810632585
165 0.6886042653277172
166 0.6872869266995547
167 0.685841432998315
168 0.6842751749830153
169 0.6826868540634153
170 0.6811279762322757
171 0.6796217327764841
172 0.6782278949330542
173 0.6769736192345156
174 0.6757822990078635
175 0.6746508623984343
176 0.6735787596706416
177 0.6726102913319094
178 0.6717199743461316
179 0.6708359810157989
180 0.6699090852489746
181 0.6690083090524643
182 0.6681314775553974
183 0.6673382930984015
184 0.6665774372865617
185 0.6658126338738551
186 0.6650870877944488
187 0.6644207350684598
188 0.6636803302834076
189 0.6629508489724951
190 0.6622352456750216
191 0.6615166188453226
192 0.660796338296231
193 0.6600377705398327
194 0.6592618740360298
195 0.6585438614689032
196 0.6578896027599461
197 0.6572747364977719
198 0.6566654973196406
199 0.6562056009300196
200 0.6558923393174791
201 0.6556762082204848
202 0.6555578888014073
203 0.6555222894563528
204 0.6555471081613424
205 0.6555811039502708
206 0.6556012752578262
207 0.655616052281876
208 0.6557354258547051
209 0.6559109011028035
210 0.6559864211558808
211 0.6561254990517991
212 0.6562761064220717
213 0.6564921627380325
214 0.656737505880966
215 0.657020578386772
216 0.6573362529155824
217 0.6575957315440525
218 0.6579228664315334
219 0.6582985752557259
220 0.6586690125523387
221 0.6590596044170757
222 0.6594357586065206
223 0.6598492622048565
224 0.6603041018912584
225 0.6607217664266031
226 0.6611008094960762
227 0.6614370393633002
228 0.6617391056978282
229 0.6621177058807918
230 0.6624937008881394
231 0.6630108394320803
232 0.6636691158435765
233 0.664127820605106
234 0.6655500481164697
235 0.6573365784733469
236 0.6533768195812109
237 0.6889062957456645
238 0.7592513624821827
239 0.7434277421073202
240 0.7252141463331985
241 0.7022437048769726
242 0.6810273908839007
243 0.6577889475659728
244 0.6451875652687731
245 0.6408805066424628
246 0.6456758699936289
247 0.6521297644722734
248 0.6578134910914238
249 0.6623258936093125
250 0.6632948829038018
251 0.6645820500092565
252 0.6649171115389824
253 0.6652429971692297
254 0.6660555327426154
255 0.6669304592943444
256 0.6675149175853716
257 0.667776053694129
258 0.6678900619796611
259 0.6680944335816782
260 0.6680188938833233
261 0.6680131021893227
262 0.6680775007637959
263 0.6681197904555257
264 0.6684277728603907
265 0.6686954558096002
266 0.6689650461912295
267 0.6692297498691058
268 0.6694799513667333
269 0.6697170854921275
270 0.6699003761809363
271 0.6702418164494635
272 0.6705918118956978
273 0.6711395563276118
274 0.6717708783355305
275 0.6724479066168485
276 0.6730700354780557
277 0.6736418934286429
278 0.6741737359665636
279 0.6746192351786049
280 0.674997893334249
281 0.67527000290964
282 0.6754587077442726
283 0.6755241816270171
284 0.6754803077741335
285 0.6753890830975724
286 0.6752773962743019
287 0.6751356358473583
288 0.6749714606555003
289 0.6748056459506807
290 0.6746073171747401
291 0.6743928409676616
292 0.674178524345833
293 0.6739279094822552
294 0.6736159954190686
295 0.6732762668611807
296 0.6729277623242289
297 0.6725515831814366
298 0.6721007033027127
299 0.6715350073346992
300 0.6708561990304213
